Command: /home/hernan/.espressif/tools/python/v6.0/venv/bin/python /home/hernan/.espressif/v6.0/esp-idf/tools/idf_monitor.py -p /dev/ttyUSB0 -b 115200 --toolchain-prefix xtensa-esp32-elf- --target esp32 --revision 0 /home/hernan/esp32/blink_test/build/blink_test.elf /home/hernan/esp32/blink_test/build/bootloader/bootloader.elf -m '/home/hernan/.espressif/tools/python/v6.0/venv/bin/python' '/home/hernan/.espressif/v6.0/esp-idf/tools/idf.py' '-p' '/dev/ttyUSB0'
ets Jun  8 2016 00:22:57

rst:0x1 (POWERON_RESET),boot:0x13 (SPI_FAST_FLASH_BOOT)
configsip: 0, SPIWP:0xee
clk_drv:0x00,q_drv:0x00,d_drv:0x00,cs0_drv:0x00,hd_drv:0x00,wp_drv:0x00
mode:DIO, clock div:2
load:0x3fff0040,len:6272
load:0x40078000,len:15848
load:0x40080400,len:3920
entry 0x40080644
[0;32mI (27) boot: ESP-IDF v6.0 2nd stage bootloader[0m
[0;32mI (27) boot: compile time Mar 25 2026 23:04:25[0m
[0;32mI (27) boot: Multicore bootloader[0m
[0;32mI (28) boot: chip revision: v1.0[0m
[0;32mI (31) boot.esp32: SPI Speed      : 40MHz[0m
[0;32mI (34) boot.esp32: SPI Mode       : DIO[0m
[0;32mI (38) boot.esp32: SPI Flash Size : 2MB[0m
[0;32mI (42) boot: Enabling RNG early entropy source...[0m
[0;32mI (46) boot: Partition Table:[0m
[0;32mI (49) boot: ## Label            Usage          Type ST Offset   Length[0m
[0;32mI (55) boot:  0 nvs              WiFi data        01 02 00009000 00006000[0m
[0;32mI (62) boot:  1 phy_init         RF data          01 01 0000f000 00001000[0m
[0;32mI (68) boot:  2 factory          factory app      00 00 00010000 00100000[0m
[0;32mI (75) boot: End of partition table[0m
[0;32mI (78) esp_image: segment 0: paddr=00010020 vaddr=3f400020 size=08a48h ( 35400) map[0m
[0;32mI (98) esp_image: segment 1: paddr=00018a70 vaddr=3ffb0000 size=02a2ch ( 10796) load[0m
[0;32mI (102) esp_image: segment 2: paddr=0001b4a4 vaddr=40080000 size=04b74h ( 19316) load[0m
[0;32mI (111) esp_image: segment 3: paddr=00020020 vaddr=400d0020 size=0cb40h ( 52032) map[0m
[0;32mI (129) esp_image: segment 4: paddr=0002cb68 vaddr=40084b74 size=0601ch ( 24604) load[0m
[0;32mI (140) esp_image: segment 5: paddr=00032b8c vaddr=50000000 size=00028h (    40) load[0m
[0;32mI (146) boot: Loaded app from partition at offset 0x10000[0m
[0;32mI (146) boot: Disabling RNG early entropy source...[0m
[0;32mI (158) cpu_start: Multicore app[0m
[0;32mI (166) cpu_start: GPIO 3 and 1 are used as console UART I/O pins[0m
[0;32mI (166) cpu_start: Pro cpu start user code[0m
[0;32mI (166) cpu_start: cpu freq: 160000000 Hz[0m
[0;32mI (168) app_init: Application information:[0m
[0;32mI (172) app_init: Project name:     blink_test[0m
[0;32mI (176) app_init: App version:      1[0m
[0;32mI (179) app_init: Compile time:     Mar 25 2026 23:04:21[0m
[0;32mI (184) app_init: ELF file SHA256:  6d76cc57c...[0m
[0;32mI (189) app_init: ESP-IDF:          v6.0[0m
[0;32mI (192) efuse_init: Min chip rev:     v0.0[0m
[0;32mI (196) efuse_init: Max chip rev:     v3.99 [0m
[0;32mI (200) efuse_init: Chip rev:         v1.0[0m
[0;32mI (204) heap_init: Initializing. RAM available for dynamic allocation:[0m
[0;32mI (211) heap_init: At 3FFAE6E0 len 00001920 (6 KiB): DRAM[0m
[0;32mI (215) heap_init: At 3FFB33D0 len 0002CC30 (179 KiB): DRAM[0m
[0;32mI (221) heap_init: At 3FFE0440 len 00003AE0 (14 KiB): D/IRAM[0m
[0;32mI (226) heap_init: At 3FFE4350 len 0001BCB0 (111 KiB): D/IRAM[0m
[0;32mI (232) heap_init: At 4008AB90 len 00015470 (85 KiB): IRAM[0m
[0;32mI (238) spi_flash: detected chip: generic[0m
[0;32mI (241) spi_flash: flash io: dio[0m
[0;33mW (244) spi_flash: Detected size(4096k) larger than the size in the binary image header(2048k). Using the size in the binary image header.[0m
[0;32mI (257) main_task: Started on CPU0[0m
[0;32mI (267) main_task: Calling app_main()[0m
toy anadandotoy anadandotoy anadandotoy anadandotoy anadandotoy anadandotoy anadandotoy anadandotoy anadandotoy anadandotoy anadets Jun  8 2016 00:22:57

rst:0x1 (POWERON_RESET),boot:0x13 (SPI_FAST_FLASH_BOOT)
configsip: 0, SPIWP:0xee
clk_drv:0x00,q_drv:0x00,d_drv:0x00,cs0_drv:0x00,hd_drv:0x00,wp_drv:0x00
mode:DIO, clock div:2
load:0x3fff0040,len:6272
load:0x40078000,len:15848
load:0x40080400,len:3920
entry 0x40080644
[0;32mI (27) boot: ESP-IDF v6.0 2nd stage bootloader[0m
[0;32mI (27) boot: compile time Mar 25 2026 23:04:25[0m
[0;32mI (27) boot: Multicore bootloader[0m
[0;32mI (28) boot: chip revision: v1.0[0m
[0;32mI (31) boot.esp32: SPI Speed      : 40MHz[0m
[0;32mI (34) boot.esp32: SPI Mode       : DIO[0m
[0;32mI (38) boot.esp32: SPI Flash Size : 2MB[0m
[0;32mI (42) boot: Enabling RNG early entropy source...[0m
[0;32mI (46) boot: Partition Table:[0m
[0;32mI (49) boot: ## Label            Usage          Type ST Offset   Length[0m
[0;32mI (55) boot:  0 nvs              WiFi data        01 02 00009000 00006000[0m
[0;32mI (61) boot:  1 phy_init         RF data          01 01 0000f000 00001000[0m
[0;32mI (68) boot:  2 factory          factory app      00 00 00010000 00100000[0m
[0;32mI (75) boot: End of partition table[0m
[0;32mI (78) esp_image: segment 0: paddr=00010020 vaddr=3f400020 size=08a48h ( 35400) map[0m
[0;32mI (98) esp_image: segment 1: paddr=00018a70 vaddr=3ffb0000 size=02a2ch ( 10796) load[0m
[0;32mI (102) esp_image: segment 2: paddr=0001b4a4 vaddr=40080000 size=04b74h ( 19316) load[0m
[0;32mI (111) esp_image: segment 3: paddr=00020020 vaddr=400d0020 size=0cb40h ( 52032) map[0m
[0;32mI (129) esp_image: segment 4: paddr=0002cb68 vaddr=40084b74 size=0601ch ( 24604) load[0m
[0;32mI (140) esp_image: segment 5: paddr=00032b8c vaddr=50000000 size=00028h (    40) load[0m
[0;32mI (146) boot: Loaded app from partition at offset 0x10000[0m
[0;32mI (146) boot: Disabling RNG early entropy source...[0m
[0;32mI (158) cpu_start: Multicore app[0m
[0;32mI (166) cpu_start: GPIO 3 and 1 are used as console UART I/O pins[0m
[0;32mI (166) cpu_start: Pro cpu start user code[0m
[0;32mI (166) cpu_start: cpu freq: 160000000 Hz[0m
[0;32mI (168) app_init: Application information:[0m
[0;32mI (172) app_init: Project name:     blink_test[0m
[0;32mI (176) app_init: App version:      1[0m
[0;32mI (179) app_init: Compile time:     Mar 25 2026 23:04:21[0m
[0;32mI (184) app_init: ELF file SHA256:  6d76cc57c...[0m
[0;32mI (189) app_init: ESP-IDF:          v6.0[0m
[0;32mI (192) efuse_init: Min chip rev:     v0.0[0m
[0;32mI (196) efuse_init: Max chip rev:     v3.99 [0m
[0;32mI (200) efuse_init: Chip rev:         v1.0[0m
[0;32mI (204) heap_init: Initializing. RAM available for dynamic allocation:[0m
[0;32mI (211) heap_init: At 3FFAE6E0 len 00001920 (6 KiB): DRAM[0m
[0;32mI (215) heap_init: At 3FFB33D0 len 0002CC30 (179 KiB): DRAM[0m
[0;32mI (221) heap_init: At 3FFE0440 len 00003AE0 (14 KiB): D/IRAM[0m
[0;32mI (226) heap_init: At 3FFE4350 len 0001BCB0 (111 KiB): D/IRAM[0m
[0;32mI (232) heap_init: At 4008AB90 len 00015470 (85 KiB): IRAM[0m
[0;32mI (238) spi_flash: detected chip: generic[0m
[0;32mI (241) spi_flash: flash io: dio[0m
[0;33mW (244) spi_flash: Detected size(4096k) larger than the size in the binary image header(2048k). Using the size in the binary image header.[0m
[0;32mI (257) main_task: Started on CPU0[0m
[0;32mI (267) main_task: Calling app_main()[0m
ets Jun  8 2016 00:22:57

rst:0x1 (POWERON_RESET),boot:0x13 (SPI_FAST_FLASH_BOOT)
configsip: 0, SPIWP:0xee
clk_drv:0x00,q_drv:0x00,d_drv:0x00,cs0_drv:0x00,hd_drv:0x00,wp_drv:0x00
mode:DIO, clock div:2
load:0x3fff0040,len:6272
load:0x40078000,len:15848
load:0x40080400,len:3920
entry 0x40080644
[0;32mI (27) boot: ESP-IDF v6.0 2nd stage bootloader[0m
[0;32mI (27) boot: compile time Mar 25 2026 23:04:25[0m
[0;32mI (27) boot: Multicore bootloader[0m
[0;32mI (28) boot: chip revision: v1.0[0m
[0;32mI (31) boot.esp32: SPI Speed      : 40MHz[0m
[0;32mI (34) boot.esp32: SPI Mode       : DIO[0m
[0;32mI (38) boot.esp32: SPI Flash Size : 2MB[0m
[0;32mI (42) boot: Enabling RNG early entropy source...[0m
[0;32mI (46) boot: Partition Table:[0m
[0;32mI (49) boot: ## Label            Usage          Type ST Offset   Length[0m
[0;32mI (55) boot:  0 nvs              WiFi data        01 02 00009000 00006000[0m
[0;32mI (62) boot:  1 phy_init         RF data          01 01 0000f000 00001000[0m
[0;32mI (68) boot:  2 factory          factory app      00 00 00010000 00100000[0m
[0;32mI (75) boot: End of partition table[0m
[0;32mI (78) esp_image: segment 0: paddr=00010020 vaddr=3f400020 size=08a48h ( 35400) map[0m
[0;32mI (98) esp_image: segment 1: paddr=00018a70 vaddr=3ffb0000 size=02a2ch ( 10796) load[0m
[0;32mI (102) esp_image: segment 2: paddr=0001b4a4 vaddr=40080000 size=04b74h ( 19316) load[0m
[0;32mI (111) esp_image: segment 3: paddr=00020020 vaddr=400d0020 size=0cb40h ( 52032) map[0m
[0;32mI (129) esp_image: segment 4: paddr=0002cb68 vaddr=40084b74 size=0601ch ( 24604) load[0m
[0;32mI (140) esp_image: segment 5: paddr=00032b8c vaddr=50000000 size=00028h (    40) load[0m
[0;32mI (146) boot: Loaded app from partition at offset 0x10000[0m
[0;32mI (146) boot: Disabling RNG early entropy source...[0m
[0;32mI (158) cpu_start: Multicore app[0m
[0;32mI (166) cpu_start: GPIO 3 and 1 are used as console UART I/O pins[0m
[0;32mI (166) cpu_start: Pro cpu start user code[0m
[0;32mI (166) cpu_start: cpu freq: 160000000 Hz[0m
[0;32mI (168) app_init: Application information:[0m
[0;32mI (172) app_init: Project name:     blink_test[0m
[0;32mI (176) app_init: App version:      1[0m
[0;32mI (179) app_init: Compile time:     Mar 25 2026 23:04:21[0m
[0;32mI (184) app_init: ELF file SHA256:  6d76cc57c...[0m
[0;32mI (189) app_init: ESP-IDF:          v6.0[0m
[0;32mI (192) efuse_init: Min chip rev:     v0.0[0m
[0;32mI (196) efuse_init: Max chip rev:     v3.99 [0m
[0;32mI (200) efuse_init: Chip rev:         v1.0[0m
[0;32mI (204) heap_init: Initializing. RAM available for dynamic allocation:[0m
[0;32mI (211) heap_init: At 3FFAE6E0 len 00001920 (6 KiB): DRAM[0m
[0;32mI (215) heap_init: At 3FFB33D0 len 0002CC30 (179 KiB): DRAM[0m
[0;32mI (221) heap_init: At 3FFE0440 len 00003AE0 (14 KiB): D/IRAM[0m
[0;32mI (226) heap_init: At 3FFE4350 len 0001BCB0 (111 KiB): D/IRAM[0m
[0;32mI (232) heap_init: At 4008AB90 len 00015470 (85 KiB): IRAM[0m
[0;32mI (238) spi_flash: detected chip: generic[0m
[0;32mI (241) spi_flash: flash io: dio[0m
[0;33mW (244) spi_flash: Detected size(4096k) larger than the size in the binary image header(2048k). Using the size in the binary image header.[0m
[0;32mI (257) main_task: Started on CPU0[0m
[0;32mI (267) main_task: Calling app_main()[0m
ets Jun  8 2016 00:22:57

rst:0x1 (POWERON_RESET),boot:0x13 (SPI_FAST_FLASH_BOOT)
configsip: 0, SPIWP:0xee
clk_drv:0x00,q_drv:0x00,d_drv:0x00,cs0_drv:0x00,hd_drv:0x00,wp_drv:0x00
mode:DIO, clock div:2
load:0x3fff0040,len:6272
load:0x40078000,len:15848
load:0x40080400,len:3920
entry 0x40080644
[0;32mI (27) boot: ESP-IDF v6.0 2nd stage bootloader[0m
[0;32mI (27) boot: compile time Mar 25 2026 23:04:25[0m
[0;32mI (27) boot: Multicore bootloader[0m
[0;32mI (28) boot: chip revision: v1.0[0m
[0;32mI (31) boot.esp32: SPI Speed      : 40MHz[0m
[0;32mI (34) boot.esp32: SPI Mode       : DIO[0m
[0;32mI (38) boot.esp32: SPI Flash Size : 2MB[0m
[0;32mI (42) boot: Enabling RNG early entropy source...[0m
[0;32mI (46) boot: Partition Table:[0m
[0;32mI (49) boot: ## Label            Usage          Type ST Offset   Length[0m
[0;32mI (55) boot:  0 nvs              WiFi data        01 02 00009000 00006000[0m
[0;32mI (62) boot:  1 phy_init         RF data          01 01 0000f000 00001000[0m
[0;32mI (68) boot:  2 factory          factory app      00 00 00010000 00100000[0m
[0;32mI (75) boot: End of partition table[0m
[0;32mI (78) esp_image: segment 0: paddr=00010020 vaddr=3f400020 size=08a48h ( 35400) map[0m
[0;32mI (98) esp_image: segment 1: paddr=00018a70 vaddr=3ffb0000 size=02a2ch ( 10796) load[0m
[0;32mI (102) esp_image: segment 2: paddr=0001b4a4 vaddets Jun  8 2016 00:22:57[0m

rst:0x1 (POWERON_RESET),boot:0x13 (SPI_FAST_FLASH_BOOT)
configsip: 0, SPIWP:0xee
clk_drv:0x00,q_drv:0x00,d_drv:0x00,cs0_drv:0x00,hd_drv:0x00,wp_drv:0x00
mode:DIO, clock div:2
load:0x3fff0040,len:6272
load:0x40078000,len:15848
load:0x40080400,len:3920
entry 0x40080644
[0;32mI (27) boot: ESP-IDF v6.0 2nd stage bootloader[0m
[0;32mI (27) boot: compile time Mar 25 2026 23:04:25[0m
[0;32mI (27) boot: Multicore bootloader[0m
[0;32mI (28) boot: chip revision: v1.0[0m
[0;32mI (31) boot.esp32: SPI Speed      : 40MHz[0m
[0;32mI (34) boot.esp32: SPI Mode       : DIO[0m
[0;32mI (38) boot.esp32: SPI Flash Size : 2MB[0m
[0;32mI (42) boot: Enabling RNG early entropy source...[0m
[0;32mI (46) boot: Partition Table:[0m
[0;32mI (49) boot: ## Label            Usage          Type ST Offset   Length[0m
[0;32mI (55) boot:  0 nvs              WiFi data        01 02 00009000 00006000[0m
[0;32mI (61) boot:  1 phy_init         RF data          01 01 0000f000 00001000[0m
[0;32mI (68) boot:  2 factory          factory app      00 00 00010000 00100000[0m
[0;32mI (75) boot: End of partition table[0m
[0;32mI (78) esp_image: segment 0: paddr=00010020 vaddr=3f400020 size=08a48h ( 35400) map[0m
[0;32mI (98) esp_image: segment 1: paddr=00018a70 vaddr=3ffb0000 size=02a2ch ( 10796) load[0m
[0;32mI (102) esp_image: segment 2: paddr=0001b4a4 vaddr=40080000 size=04b74h ( 19316) load[0m
[0;32mI (111) esp_image: segment 3: paddr=00020020 vaddr=400d0020 size=0cb40h ( 52032) map[0m
ets Jun  8 2016 00:22:57

rst:0x1 (POWERON_RESET),boot:0x13 (SPI_FAST_FLASH_BOOT)
configsip: 0, SPIWP:0xee
clk_drv:0x00,q_drv:0x00,d_drv:0x00,cs0_drv:0x00,hd_drv:0x00,wp_drv:0x00
mode:DIO, clock div:2
load:0x3fff0040,len:6272
load:0x40078000,len:15848
load:0x40080400,len:3920
entry 0x40080644
[0;32mI (27) boot: ESP-IDF v6.0 2nd stage bootloader[0m
[0;32mI (27) boot: compile time Mar 25 2026 23:04:25[0m
[0;32mI (27) boot: Multicore bootloader[0m
[0;32mI (28) boot: chip revision: v1.0[0m
[0;32mI (31) boot.esp32: SPI Speed      : 40MHz[0m
[0;32mI (34) boot.esp32: SPI Mode       : DIO[0m
[0;32mI (38) boot.esp32: SPI Flash Size : 2MB[0m
[0;32mI (42) boot: Enabling RNG early entropy source...[0m
[0;32mI (46) boot: Partition Table:[0m
[0;32mI (49) boot: ## Label            Usage          Type ST Offset   Length[0m
[0;32mI (55) boot:  0 nvs              WiFi data        01 02 00009000 00006000[0m
[0;32mI (61) boot:  1 phy_init         RF data          01 01 0000f000 00001000[0m
[0;32mI (68) boot:  2 factory          factory app      00 00 00010000 00100000[0m
[0;32mI (75) boot: End of partition table[0m
[0;32mI (78) esp_image: segment 0: paddr=00010020 vaddr=3f400020 size=08a48h ( 35400) map[0m
[0;32mI (98) esp_image: segment 1: paddr=00018a70 vaddr=3ffb0000 size=02a2ch ( 10796) load[0m
[0;32mI (102) esp_image: segment 2: paddr=0001b4a4 vaddr=40080000 size=04b74h ( 19316) load[0m
[0;32mI (111) esp_image: segment 3: paddr=00020020 vaddr=400d0020 size=0cb40h ( 52032) map[0m
[0;32mI (129) esp_image: segment 4: paddr=0002cb68 vaddr=40084b74 size=0601ch ( 24604) load[0m
[0;32mI (140) esp_image: segment 5: paddr=00032b8c vaddr=50000000 size=00028h (    40) load[0m
[0;32mI (146) boot: Loaded app from partition at offset 0x10000[0m
[0;32mI (146) boot: Disabling RNG early entropy source...[0m
[0;32mI (158) cpu_start: Multicore app[0m
[0;32mI (166) cpu_start: GPIO 3 and 1 are used as console UART I/O pins[0m
[0;32mI (166) cpu_start: Pro cpu start user code[0m
[0;32mI (166) cpu_start: cpu freq: 160000000 Hz[0m
[0;32mI (168) app_init: Application information:[0m
[0;32mI (172) app_init: Project name:     blink_test[0m
[0;32mI (176) app_init: App version:      1[0m
[0;32mI (179) app_init: Compile time:     Mar 25 2026 23:04:21[0m
[0;32mI (184) app_init: ELF file SHA256:  6d76cc57c...[0m
[0;32mI (189) app_init: ESP-IDF:          v6.0[0m
[0;32mI (192) efuse_init: Min chip rev:     v0.0[0m
[0;32mI (196) efuse_init: Max chip rev:     v3.99 [0m
[0;32mI (200) efuse_init: Chip rev:         v1.0[0m
[0;32mI (204) heap_init: Initializing. RAM available for dynamic allocation:[0m
[0;32mI (211) heap_init: At 3FFAE6E0 len 00001920 (6 KiB): DRAM[0m
[0;32mI (215) heap_init: At 3FFB33D0 len 0002CC30 (179 KiB): DRAM[0m
[0;32mI (221) heap_init: At 3FFE0440 len 00003AE0 (14 KiB): D/IRAM[0m
[0;32mI (226) heap_init: At 3FFE4350 len 0001BCB0 (111 KiB): D/IRAM[0m
[0;32mI (232) heap_init: At 4008AB90 len 00015470 (85 KiB): IRAM[0m
[0;32mI (238) spi_flash: detected chip: generic[0m
[0;32mI (241) spi_flash: flash io: dio[0m
[0;33mW (243) spi_flash: Detected size(4096k) larger than the size in the binary image header(2048k). Using the size in the binary image header.[0m
[0;32mI (257) main_task: Started on CPU0[0m
[0;32mI (267) main_task: Calling app_main()[0m
ets Jun  8 2016 00:22:57

rst:0x1 (POWERON_RESET),boot:0x13 (SPI_FAST_FLASH_BOOT)
configsip: 0, SPIWP:0xee
clk_drv:0x00,q_drv:0x00,d_drv:0x00,cs0_drv:0x00,hd_drv:0x00,wp_drv:0x00
mode:DIO, clock div:2
load:0x3fff0040,len:6272
load:0x40078000,len:15848
load:0x40080400,len:3920
entry 0x40080644
[0;32mI (27) boot: ESP-IDF v6.0 2nd stage bootloader[0m
[0;32mI (27) boot: compile time Mar 25 2026 23:04:25[0m
[0;32mI (27) boot: Multicore bootloader[0m
[0;32mI (28) boot: chip revision: v1.0[0m
[0;32mI (31) boot.esp32: SPI Speed      : 40MHz[0m
[0;32mI (34) boot.esp32: SPI Mode       : DIO[0m
[0;32mI (38) boot.esp32: SPI Flash Size : 2MB[0m
[0;32mI (42) boot: Enabling RNG early entropy source...[0m
[0;32mI (46) boot: Partition Table:[0m
[0;32mI (49) boot: ## Label            Usage          Type ST Offset   Length[0m
[0;32mI (55) boot:  0 nvs              WiFi data        01 02 00009000 00006000[0m
[0;32mI (61) boot:  1 phy_init         RF data          01 01 0000f000 00001000[0m
[0;32mI (68) boot:  2 factory          factory app      00 00 00010000 00100000[0m
[0;32mI (75) boot: End of partition table[0m
[0;32mI (78) esp_image: segment 0: paddr=00010020 vaddr=3f400020 size=08a48h ( 35400) map[0m
[0;32mI (98) esp_image: segment 1: paddr=00018a70 vaddr=3ffb0000 size=02a2ch ( 10796) load[0m
[0;32mI (102) esp_image: segment 2: paddr=0001b4a4 vaddr=40080000 size=04b74h ( 19316) load[0m
[0;32mI (111) esp_image: segment 3: paddr=00020020 vaddr=400d0020 size=0cb40h ( 52032) map[0m
[0;32mI (129) esp_image: segment 4: paddr=0002cb68 vaddr=40084b74 size=0601ch ( 24604) load[0m
[0;32mI (140) esp_image: segment 5: paddr=00032b8c vaddr=50000000 size=00028h (    40) load[0m
[0;32mI (146) boot: Loaded app from partition at offset 0x10000[0m
[0;32mI (146) boot: Disabling RNG early entropy source...[0m
[0;32mI (158) cpu_start: Multicore app[0m
[0;32mI (166) cpu_start: GPIO 3 and 1 are used as console UART I/O pins[0m
[0;32mI (166) cpu_start: Pro cpu start�ets Jun  8 2016 00:22:57[0m

rst:0x1 (POWERON_RESET),boot:0x13 (SPI_FAST_FLASH_BOOT)
configsip: 0, SPIWP:0xee
clk_drv:0x00,q_drv:0x00,d_drv:0x00,cs0_drv:0x00,hd_drv:0x00,wp_drv:0x00
mode:DIO, clock div:2
load:0x3fff0040,len:6272
load:0x40078000,len:15848
load:0x40080400,len:3920
entry 0x40080644
[0;32mI (27) boot: ESP-IDF v6.0 2nd stage bootloader[0m
[0;32mI (27) boot: compile time Mar 25 2026 23:04:25[0m
[0;32mI (27) boot: Multicore bootloader[0m
[0;32mI (28) boot: chip revision: v1.0[0m
[0;32mI (31) boot.esp32: SPI Speed      : 40MHz[0m
[0;32mI (34) boot.esp32: SPI Mode       : DIO[0m
[0;32mI (38) boot.esp32: SPI Flash Size : 2MB[0m
[0;32mI (42) boot: Enabling RNG early entropy source...[0m
[0;32mI (46) boot: Partition Table:[0m
[0;32mI (49) boot: ## Label            Usage          Type ST Offset   Length[0m
[0;32mI (55) boot:  0 nvs              WiFi data        01 02 00009000 00006000[0m
[0;32mI (61) boot:  1 phy_init         RF data          01 01 0000f000 00001000[0m
[0;32mI (68) boot:  2 factory          factory app      00 00 00010000 00100000[0m
[0;32mI (75) boot: End of partition table[0m
[0;32mI (78) esp_image: segment 0: paddr=00010020 vaddr=3f400020 size=08a48h ( 35400) map[0m
[0;32mI (98) esp_image: segment 1: paddr=00018a70 vaddr=3ffb0000 size=02a2ch ( 10796) load[0m
[0;32mI (102) esp_image: segment 2: paddr=0001b4a4 vaddr=40080000 size=04b74h ( 19316) load[0m
[0;32mI (111) esp_image: segment 3: paddr=00020020 vaddr=400d0020 size=0cb40h ( 52032) map[0m
[0;32mI (129) esp_image: segment 4: paddr=�ets Jun  8 2016 00:22:57[0m

rst:0x1 (POWERON_RESET),boot:0x13 (SPI_FAST_FLASH_BOOT)
configsip: 0, SPIWP:0xee
clk_drv:0x00,q_drv:0x00,d_drv:0x00,cs0_drv:0x00,hd_drv:0x00,wp_drv:0x00
mode:DIO, clock div:2
load:0x3fff0040,len:6272
load:0x40078000,len:15848
load:0x40080400,len:3920
entry 0x40080644
[0;32mI (27) boot: ESP-IDF v6.0 2nd stage bootloader[0m
[0;32mI (27) boot: compile time Mar 25 2026 23:04:25[0m
[0;32mI (27) boot: Multicore bootloader[0m
[0;32mI (28) boot: chip revision: v1.0[0m
[0;32mI (31) boot.esp32: SPI Speed      : 40MHz[0m
[0;32mI (34) boot.esp32: SPI Mode       : DIO[0m
[0;32mI (38) boot.esp32: SPI Flash Size : 2MB[0m
[0;32mI (42) boot: Enabling RNG early entropy source...[0m
[0;32mI (46) boot: Partition Table:[0m
[0;32mI (49) boot: ## Label            Usage          Type ST Offset   Length[0m
[0;32mI (55) boot:  0 nvs              WiFi data        01 02 00009000 00006000[0m
[0;32mI (62) boot:  1 phy_init         RF data          01 01 0000f000 00001000[0m
[0;32mI (68) boot:  2 factory          factory app      00 00 00010000 00100000[0m
[0;32mI (75) boot: End of partition table[0m
[0;32mI (78) esp_image: segment 0: paddr=00010020 vaddr=3f400020 size=08a48h ( 35400) map[0m
[0;32mI (98) esp_image: segment 1: paddr=00018a70 vaddr=3ffb0000 size=02a2ch ( 10796) load[0m
[0;32mI (102) esp_image: segment 2: paddr=0001b4a4 vaddr=40080000 size=04b74h�ets Jun  8 2016 00:22:57[0m

rst:0x1 (POWERON_RESET),boot:0x13 (SPI_FAST_FLASH_BOOT)
configsip: 0, SPIWP:0xee
clk_drv:0x00,q_drv:0x00,d_drv:0x00,cs0_drv:0x00,hd_drv:0x00,wp_drv:0x00
mode:DIO, clock div:2
load:0x3fff0040,len:6272
load:0x40078000,len:15848
load:0x40080400,len:3920
entry 0x40080644
[0;32mI (27) boot: ESP-IDF v6.0 2nd stage bootloader[0m
[0;32mI (27) boot: compile time Mar 25 2026 23:04:25[0m
[0;32mI (27) boot: Multicore bootloader[0m
[0;32mI (28) boot: chip revision: v1.0[0m
[0;32mI (31) boot.esp32: SPI Speed      : 40MHz[0m
[0;32mI (34) boot.esp32: SPI Mode       : DIO[0m
[0;32mI (38) boot.esp32: SPI Flash Size : 2MB[0m
[0;32mI (42) boot: Enabling RNG early entropy source...[0m
[0;32mI (46) boot: Partition Table:[0m
[0;32mI (49) boot: ## Label            Usage          Type ST Offset   Length[0m
[0;32mI (55) boot:  0 nvs              WiFi data        01 02 00009000 00006000[0m
[0;32mI (61) boot:  1 phy_init         RF data          01 01 0000f000 00001000[0m
[0;32mI (68) boot:  2 factory          factory app      00 00 00010000 00100000[0m
[0;32mI (75) boot: End of partition table[0m
[0;32mI (78) esp_image: segment 0: paddr=00010020 vaddr=3f400020 size=08a48h ( 35400) map[0m
[0;32mI (98) esp_image: segment 1: paddr=00018a70 vaddr=3ffb0000 size=02a2ch ( 10796) load[0m
[0;32mI (102) esp_image: segment 2: paddr=0001b4a4 vaddr=40080000 size=04b74h ( 19316) load[0m
[0;32mI (111) esp_image: segment 3: paddr=00020020 vaddr=400d0020 size�ets Jun  8 2016 00:22:57[0m

rst:0x1 (POWERON_RESET),boot:0x13 (SPI_FAST_FLASH_BOOT)
configsip: 0, SPIWP:0xee
clk_drv:0x00,q_drv:0x00,d_drv:0x00,cs0_drv:0x00,hd_drv:0x00,wp_drv:0x00
mode:DIO, clock div:2
load:0x3fff0040,len:6272
load:0x40078000,len:15848
load:0x40080400,len:3920
entry 0x40080644
[0;32mI (27) boot: ESP-IDF v6.0 2nd stage bootloader[0m
[0;32mI (27) boot: compile time Mar 25 2026 23:04:25[0m
[0;32mI (27) boot: Multicore bootloader[0m
[0;32mI (28) boot: chip revision: v1.0[0m
[0;32mI (31) boot.esp32: SPI Speed      : 40MHz[0m
[0;32mI (34) boot.esp32: SPI Mode       : DIO[0m
[0;32mI (38) boot.esp32: SPI Flash Size : 2MB[0m
[0;32mI (42) boot: Enabling RNG early entropy source...[0m
[0;32mI (46) boot: Partition Table:[0m
[0;32mI (49) boot: ## Label            Usage          Type ST Offset   Length[0m
[0;32mI (55) boot:  0 nvs              WiFi data        01 02 00009000 00006000[0m
[0;32mI (62) boot:  1 phy_init         RF data          01 01 0000f000 00001000[0m
[0;32mI (68) boot:  2 factory          factory app      00 00 00010000 00100000[0m
[0;32mI (75) boot: End of partition table[0m
[0;32mI (78) esp_image: segment 0: paddr=00010020 vaddr=3f400020 size=08a48h ( 35400) map[0m
[0;32mI (98) esp_image: segment 1: paddr=00018a70 vaddr=3ffb0000 size=02a2ch ( 10796) load[0m
[0;32mI (102) esp_image: segment 2: paddr=0001b4a4 vaddr=40080000 size=04b74h ( 19316) load[0m
[0;32mI (111) esp_image: segment 3: paddr=00020020 vaddr=400d0020 size=0cb40h ( 52032) map[0m
ets Jun  8 2016 00:22:57

rst:0x1 (POWERON_RESET),boot:0x13 (SPI_FAST_FLASH_BOOT)
configsip: 0, SPIWP:0xee
clk_drv:0x00,q_drv:0x00,d_drv:0x00,cs0_drv:0x00,hd_drv:0x00,wp_drv:0x00
mode:DIO, clock div:2
load:0x3fff0040,len:6272
load:0x40078000,len:15848
load:0x40080400,len:3920
entry 0x40080644
[0;32mI (27) boot: ESP-IDF v6.0 2nd stage bootloader[0m
[0;32mI (27) boot: compile time Mar 25 2026 23:04:25[0m
[0;32mI (27) boot: Multicore bootloader[0m
[0;32mI (28) boot: chip revision: v1.0[0m
[0;32mI (31) boot.esp32: SPI Speed      : 40MHz[0m
[0;32mI (34) boot.esp32: SPI Mode       : DIO[0m
[0;32mI (38) boot.esp32: SPI Flash Size : 2MB[0m
[0;32mI (42) boot: Enabling RNG early entropy source...[0m
[0;32mI (46) boot: Partition Table:[0m
[0;32mI (49) boot: ## Label            Usage          Type ST Offset   Length[0m
[0;32mI (55) boot:  0 nvs              WiFi data        01 02 00009000 00006000[0m
[0;32mI (62) boot:  1 phy_init         RF data          01 01 0000f000 00001000[0m
[0;32mI (68) boot:  2 factory          factory app      00 00 00010000 00100000[0m
[0;32mI (75) boot: End of partition table[0m
[0;32mI (78) esp_image: segment 0: paddr=00010020 vaddr=3f400020 size=08a48h ( 35400) map[0m
[0;32mI (98) esp_image: segment 1: paddr=00018a70 vaddr=3ffb0000 size=02a2ch ( 10796) load[0m
[0;32mI (102) esp_image: segment 2: paddr=0001b4a4 vaddr=40080000 size=04b74h ( 19316) load[0m
[0;32mI (111) esp_image: segment 3: paddr=00020020 vaddr=400d0020 size=0cb40h ( 52032) map[0m
[0;32mI (129) esp_image: segment 4: paddr=0002cb68 vaddr=40084b74 size=0601ch ( 24604) load[0m
[0;32mI (140) esp_image: segment 5: paddr=00032b8c vaddr=50000000 size=00028h (    40) load[0m
[0;32mI (146) boot: Loaded app from partition at offset 0x10000[0m
[0;32mI (146) boot: Disabling RNG early entropy source...[0m
[0;32mI (158) cpu_start: Multicore app[0m
[0;32mI (166) cpu_start: GPIO 3 and 1 are used as console UART I/O pins[0m
[0;32mI (166) cpu_start: Pro cpu start user code[0m
[0;32mI (166) cpu_start: cpu freq: 160000000 Hz[0m
[0;32mI (168) app_init: Application information:[0m
[0;32mI (172) app_init: Project name:     blink_test[0m
[0;32mI (176) app_init: App version:      1[0m
[0;32mI (179) app_init: Compile time:     Mar 25 2026 23:04:21[0m
[0;32mI (184) app_init: ELF file SHA256:  6d76cc57c...[0m
[0;32mI (189) app_init: ESP-IDF:          v6.0[0m
[0;32mI (192) efuse_init: Min chip rev:     v0.0[0m
[0;32mI (196) efuse_init: Max chip rev:     v3.99 [0m
[0;32mI (200) efuse_init: Chip rev:         v1.0[0m
[0;32mI (204) heap_init: Initializing. RAM available for dynamic allocation:[0m
[0;32mI (211) heap_init: At 3FFAE6E0 len 00001920 (6 KiB): DRAM[0m
[0;32mI (215) heap_init: At 3FFB33D0 len 0002CC30 (179 KiB): DRAM[0m
[0;32mI (221) heap_init: At 3FFE0440 len 00003AE0 (14 KiB): D/IRAM[0m
[0;32mI (226) heap_init: At 3FFE4350 len 0001BCB0 (111 KiB): D/IRAM[0m
[0;32mI (232) heap_init: At 4008AB90 len 00015470 (85 KiB): IRAM[0m
[0;32mI (238) spi_flash: detected chip: generic[0m
[0;32mI (241) spi_flash: flash io: dio[0m
[0;33mW (244) spi_flash: Detected size(4096k) larger than the size in the binary image header(2048k). Using the size in the binary image header.[0m
[0;32mI (257) main_task: Started on CPU0[0m
[0;32mI (267) main_task: Calling app_main()[0m
ets Jun  8 2016 00:22:57

rst:0x1 (POWERON_RESET),boot:0x13 (SPI_FAST_FLASH_BOOT)
configsip: 0, SPIWP:0xee
clk_drv:0x00,q_drv:0x00,d_drv:0x00,cs0_drv:0x00,hd_drv:0x00,wp_drv:0x00
mode:DIO, clock div:2
load:0x3fff0040,len:6272
load:0x40078000,len:15848
load:0x40080400,len:3920
entry 0x40080644
[0;32mI (27) boot: ESP-IDF v6.0 2nd stage bootloader[0m
[0;32mI (27) boot: compile time Mar 25 2026 23:04:25[0m
[0;32mI (27) boot: Multicore bootloader[0m
[0;32mI (28) boot: chip revision: v1.0[0m
[0;32mI (31) boot.esp32: SPI Speed      : 40MHz[0m
[0;32mI (34) boot.esp32: SPI Mode       : DIO[0m
[0;32mI (38) boot.esp32: SPI Flash Size : 2MB[0m
[0;32mI (42) boot: Enabling RNG early entropy source...[0m
[0;32mI (46) boot: Partition Table:[0m
[0;32mI (49) boot: ## Label            Usage          Type ST Offset   Length[0m
[0;32mI (55) boot:  0 nvs              WiFi data        01 02 00009000 00006000[0m
[0;32mI (62) boot:  1 phy_init         RF data          01 01 0000f000 00001000[0m
[0;32mI (68) boot:  2 factory          factory app      00 00 00010000 00100000[0m
[0;32mI (75) boot: End of partition table[0m
[0;32mI (78) esp_image: segment 0: paddr=00010020 vaddr=3f400020 size=08a48h ( 35400) map[0m
[0;32mI (98) esp_image: segment 1: paddr=00018a70 vaddr=3ffb0000 size=02a2ch ( 10796) load[0m
[0;32mI (102) esp_image: segment 2: paddr=0001b4a4 vaddr=40080000 size=04b74h ( 19316) load[0m
[0;32mI (111) esp_image: segment 3: paddr=00020020 vaddr=400d0020 size=0cb40h ( 52032) map[0m
[0;32mI (129) esp_image: segment 4: paddr=0002cb68 vaddr=40084b74 size=0601ch ( 24604) load[0m
[0;32mI (140) esp_image: segment 5: paddr=00032b8c vaddr=50000000 size=00028h (    40) load[0m
[0;32mI (146) boot: Loaded app from partition at offset 0x10000[0m
[0;32mI (146) boot: Disabling RNG early entropy source...[0m
[0;32mI (158) cpu_start: Multicore app[0m
[0;32mI (166) cpu_start: GPIO 3 and 1 are used as console UART I/O pins[0m
[0;32mI (166) cpu_start: Pro cpu start user code[0m
[0;32mI (166) cpu_start: cpu freq: 160000000 Hz[0m
[0;32mI (168) app_init: Application information:[0m
[0;32mI (172) app_init: Project name:     blink_test[0m
[0;32mI (176) app_init: App version:      1[0m
[0;32mI (179) app_init: Compile time:     Mar 25 2026 23:04:21[0m
[0;32mI (184) app_init: ELF file SHA256:  6d76cc57c...[0m
[0;32mI (189) app_init: ESP-IDF:          v6.0[0m
[0;32mI (192) efuse_init: Min chip rev:     v0.0[0m
[0;32mI (196) efuse_init: Max chip rev:     v3.99 [0m
[0;32mI (200) efuse_init: Chip rev:         v1.0[0m
[0;32mI (204) heap_init: Initializing. RAM available for dynamic allocation:[0m
[0;32mI (211) heap_init: At 3FFAE6E0 len 00001920 (6 KiB): DRAM[0m
[0;32mI (215) heap_init: At 3FFB33D0 len 0002CC30 (179 KiB): DRAM[0m
[0;32mI (221) heap_init: At 3FFE0440 len 00003AE0 (14 KiB): D/IRAM[0m
[0;32mI (226) heap_init: At 3FFE4350 len 0001BCB0 (111 KiB): D/IRAM[0m
[0;32mI (232) heap_init: At 4008AB90 len 00015470 (85 KiB): IRAM[0m
[0;32mI (238) spi_flash: detected chip: generic[0m
[0;32mI (241) spi_flash: flash io: dio[0m
[0;33mW (244) spi_flash: Detected size(4096k) larger than the size in the binary image header(2048k). Using the size in the binary image header.[0m
[0;32mI (257) main_task: Started on CPU0[0m
[0;32mI (267) main_task: Calling app_main()[0m
toy anadandotoy anadandotoy anadandotoy anadandotoy anadandotoy anadandotoy anadandotoy anadandotoy anadandotoy anadandotoy anad