Command: /home/hernan/.espressif/tools/python/v6.0/venv/bin/python /home/hernan/.espressif/v6.0/esp-idf/tools/idf_monitor.py -p /dev/ttyUSB0 -b 115200 --toolchain-prefix xtensa-esp32-elf- --target esp32 --revision 0 /home/hernan/esp32/wifi/build/wifi.elf /home/hernan/esp32/wifi/build/bootloader/bootloader.elf -m '/home/hernan/.espressif/tools/python/v6.0/venv/bin/python' '/home/hernan/.espressif/v6.0/esp-idf/tools/idf.py' '-p' '/dev/ttyUSB0'
ets Jun  8 2016 00:22:57

rst:0x1 (POWERON_RESET),boot:0x13 (SPI_FAST_FLASH_BOOT)
configsip: 0, SPIWP:0xee
clk_drv:0x00,q_drv:0x00,d_drv:0x00,cs0_drv:0x00,hd_drv:0x00,wp_drv:0x00
mode:DIO, clock div:2
load:0x3fff0040,len:6272
load:0x40078000,len:15848
load:0x40080400,len:3920
entry 0x40080644
[0;32mI (27) boot: ESP-IDF v6.0 2nd stage bootloader[0m
[0;32mI (27) boot: compile time Mar 27 2026 14:17:24[0m
[0;32mI (27) boot: Multicore bootloader[0m
[0;32mI (28) boot: chip revision: v1.0[0m
[0;32mI (31) boot.esp32: SPI Speed      : 40MHz[0m
[0;32mI (34) boot.esp32: SPI Mode       : DIO[0m
[0;32mI (38) boot.esp32: SPI Flash Size : 2MB[0m
[0;32mI (42) boot: Enabling RNG early entropy source...[0m
[0;32mI (46) boot: Partition Table:[0m
[0;32mI (49) boot: ## Label            Usage          Type ST Offset   Length[0m
[0;32mI (55) boot:  0 nvs              WiFi data        01 02 00009000 00006000[0m
[0;32mI (61) boot:  1 phy_init         RF data          01 01 0000f000 00001000[0m
[0;32mI (68) boot:  2 factory          factory app      00 00 00010000 00100000[0m
[0;32mI (75) boot: End of partition table[0m
[0;32mI (78) esp_image: segment 0: paddr=00010020 vaddr=3f400020 size=19454h (103508) map[0m
[0;32mI (122) esp_image: segment 1: paddr=0002947c vaddr=3ffb0000 size=044f0h ( 17648) load[0m
[0;32mI (129) esp_image: segment 2: paddr=0002d974 vaddr=40080000 size=026a4h (  9892) load[0m
[0;32mI (134) esp_image: segment 3: paddr=00030020 vaddr=400d0020 size=828fch (534780) map[0m
[0;32mI (324) esp_image: segment 4: paddr=000b2924 vaddr=400826a4 size=12b58h ( 76632) load[0m
[0;32mI (356) esp_image: segment 5: paddr=000c5484 vaddr=50000000 size=00028h (    40) load[0m
[0;32mI (367) boot: Loaded app from partition at offset 0x10000[0m
[0;32mI (367) boot: Disabling RNG early entropy source...[0m
[0;32mI (377) cpu_start: Multicore app[0m
[0;32mI (385) cpu_start: GPIO 3 and 1 are used as console UART I/O pins[0m
[0;32mI (386) cpu_start: Pro cpu start user code[0m
[0;32mI (386) cpu_start: cpu freq: 160000000 Hz[0m
[0;32mI (388) app_init: Application information:[0m
[0;32mI (391) app_init: Project name:     wifi[0m
[0;32mI (395) app_init: App version:      1[0m
[0;32mI (398) app_init: Compile time:     Mar 27 2026 14:17:17[0m
[0;32mI (403) app_init: ELF file SHA256:  3121aba67...[0m
[0;32mI (408) app_init: ESP-IDF:          v6.0[0m
[0;32mI (411) efuse_init: Min chip rev:     v0.0[0m
[0;32mI (415) efuse_init: Max chip rev:     v3.99 [0m
[0;32mI (419) efuse_init: Chip rev:         v1.0[0m
[0;32mI (423) heap_init: Initializing. RAM available for dynamic allocation:[0m
[0;32mI (430) heap_init: At 3FFAE6E0 len 00001920 (6 KiB): DRAM[0m
[0;32mI (435) heap_init: At 3FFB8930 len 000276D0 (157 KiB): DRAM[0m
[0;32mI (440) heap_init: At 3FFE0440 len 00003AE0 (14 KiB): D/IRAM[0m
[0;32mI (445) heap_init: At 3FFE4350 len 0001BCB0 (111 KiB): D/IRAM[0m
[0;32mI (451) heap_init: At 400951FC len 0000AE04 (43 KiB): IRAM[0m
[0;32mI (457) spi_flash: detected chip: generic[0m
[0;32mI (460) spi_flash: flash io: dio[0m
[0;33mW (463) spi_flash: Detected size(4096k) larger than the size in the binary image header(2048k). Using the size in the binary image header.[0m
[0;32mI (476) main_task: Started on CPU0[0m
[0;32mI (486) main_task: Calling app_main()[0m
[0;32mI (506) wifi:wifi driver task: 3ffc02a8, prio:23, stack:6656, core=0[0m
[0;32mI (506) wifi:wifi firmware version: 44738b4[0m
[0;32mI (506) wifi:wifi certification version: v7.0[0m
[0;32mI (506) wifi:config NVS flash: enabled[0m
[0;32mI (506) wifi:config nano formatting: disabled[0m
[0;32mI (516) wifi:Init data frame dynamic rx buffer num: 32[0m
[0;32mI (516) wifi:Init static rx mgmt buffer num: 5[0m
[0;32mI (526) wifi:Init management short buffer num: 32[0m
[0;32mI (526) wifi:Init dynamic tx buffer num: 32[0m
[0;32mI (526) wifi:Init static rx buffer size: 1600[0m
[0;32mI (536) wifi:Init static rx buffer num: 10[0m
[0;32mI (536) wifi:Init dynamic rx buffer num: 32[0m
[0;32mI (546) wifi_init: rx ba win: 6[0m
[0;32mI (546) wifi_init: accept mbox: 6[0m
[0;32mI (546) wifi_init: tcpip mbox: 32[0m
[0;32mI (546) wifi_init: udp mbox: 6[0m
[0;32mI (556) wifi_init: tcp mbox: 6[0m
[0;32mI (556) wifi_init: tcp tx win: 5760[0m
[0;32mI (556) wifi_init: tcp rx win: 5760[0m
[0;32mI (566) wifi_init: tcp mss: 1440[0m
[0;32mI (566) wifi_init: WiFi IRAM OP enabled[0m
[0;32mI (566) wifi_init: WiFi RX IRAM OP enabled[0m
[0;32mI (576) wifi: scanning...[0m

ESP_ERROR_CHECK failed: esp_err_t 0x3002 (ESP_ERR_WIFI_NOT_STARTED) at 0x400d9d68
file: "./main/wifi.c" line 24
func: scanner
expression: esp_wifi_scan_start(NULL, true)

abort() was called at PC 0x4008928f on core 0


Backtrace: 0x40089335:0x3ffbaa50 0x400892fd:0x3ffbaa70 0x40088f81:0x3ffbaa90 0x4008928f:0x3ffbab00 0x400d9d68:0x3ffbab30 0x400d9df7:0x3ffbac00 0x400d450a:0x3ffbac20 0x4014e9b2:0x3ffbac50




ELF file SHA256: 3121aba67

Rebooting...
ets Jun  8 2016 00:22:57

rst:0xc (SW_CPU_RESET),boot:0x13 (SPI_FAST_FLASH_BOOT)
configsip: 0, SPIWP:0xee
clk_drv:0x00,q_drv:0x00,d_drv:0x00,cs0_drv:0x00,hd_drv:0x00,wp_drv:0x00
mode:DIO, clock div:2
load:0x3fff0040,len:6272
load:0x40078000,len:15848
load:0x40080400,len:3920
entry 0x40080644
[0;32mI (27) boot: ESP-IDF v6.0 2nd stage bootloader[0m
[0;32mI (27) boot: compile time Mar 27 2026 14:17:24[0m
[0;32mI (27) boot: Multicore bootloader[0m
[0;32mI (28) boot: chip revision: v1.0[0m
[0;32mI (31) boot.esp32: SPI Speed      : 40MHz[0m
[0;32mI (35) boot.esp32: SPI Mode       : DIO[0m
[0;32mI (38) boot.esp32: SPI Flash Size : 2MB[0m
[0;32mI (42) boot: Enabling RNG early entropy source...[0m
[0;32mI (47) boot: Partition Table:[0m
[0;32mI (49) boot: ## Label            Usage          Type ST Offset   Length[0m
[0;32mI (55) boot:  0 nvs              WiFi data        01 02 00009000 00006000[0m
[0;32mI (62) boot:  1 phy_init         RF data          01 01 0000f000 00001000[0m
[0;32mI (68) boot:  2 factory          factory app      00 00 00010000 00100000[0m
[0;32mI (75) boot: End of partition table[0m
[0;32mI (78) esp_image: segment 0: paddr=00010020 vaddr=3f400020 size=19454h (103508) map[0m
[0;32mI (123) esp_image: segment 1: paddr=0002947c vaddr=3ffb0000 size=044f0h ( 17648) load[0m
[0;32mI (130) esp_image: segment 2: paddr=0002d974 vaddr=40080000 size=026a4h (  9892) load[0m
[0;32mI (134) esp_image: segment 3: paddr=00030020 vaddr=400d0020 size=828fch (534780) map[0m
[0;32mI (325) esp_image: segment 4: paddr=000b2924 vaddr=400826a4 size=12b58h ( 76632) load[0m
[0;32mI (356) esp_image: segment 5: paddr=000c5484 vaddr=50000000 size=00028h (    40) load[0m
[0;32mI (367) boot: Loaded app from partition at offset 0x10000[0m
[0;32mI (367) boot: Disabling RNG early entropy source...[0m
[0;32mI (378) cpu_start: Multicore app[0m
[0;32mI (386) cpu_start: GPIO 3 and 1 are used as console UART I/O pins[0m
[0;32mI (386) cpu_start: Pro cpu start user code[0m
[0;32mI (386) cpu_start: cpu freq: 160000000 Hz[0m
[0;32mI (388) app_init: Application information:[0m
[0;32mI (392) app_init: Project name:     wifi[0m
[0;32mI (396) app_init: App version:      1[0m
[0;32mI (399) app_init: Compile time:     Mar 27 2026 14:17:17[0m
[0;32mI (404) app_init: ELF file SHA256:  3121aba67...[0m
[0;32mI (408) app_init: ESP-IDF:          v6.0[0m
[0;32mI (412) efuse_init: Min chip rev:     v0.0[0m
[0;32mI (416) efuse_init: Max chip rev:     v3.99 [0m
[0;32mI (420) efuse_init: Chip rev:         v1.0[0m
[0;32mI (424) heap_init: Initializing. RAM available for dynamic allocation:[0m
[0;32mI (430) heap_init: At 3FFAE6E0 len 00001920 (6 KiB): DRAM[0m
[0;32mI (435) heap_init: At 3FFB8930 len 000276D0 (157 KiB): DRAM[0m
[0;32mI (440) heap_init: At 3FFE0440 len 00003AE0 (14 KiB): D/IRAM[0m
[0;32mI (446) heap_init: At 3FFE4350 len 0001BCB0 (111 KiB): D/IRAM[0m
[0;32mI (451) heap_init: At 400951FC len 0000AE04 (43 KiB): IRAM[0m
[0;32mI (458) spi_flash: detected chip: generic[0m
[0;32mI (460) spi_flash: flash io: dio[0m
[0;33mW (463) spi_flash: Detected size(4096k) larger than the size in the binary image header(2048k). Using the size in the binary image header.[0m
[0;32mI (477) main_task: Started on CPU0[0m
[0;32mI (487) main_task: Calling app_main()[0m
[0;32mI (507) wifi:wifi driver task: 3ffc02a8, prio:23, stack:6656, core=0[0m
[0;32mI (507) wifi:wifi firmware version: 44738b4[0m
[0;32mI (507) wifi:wifi certification version: v7.0[0m
[0;32mI (507) wifi:config NVS flash: enabled[0m
[0;32mI (507) wifi:config nano formatting: disabled[0m
[0;32mI (517) wifi:Init data frame dynamic rx buffer num: 32[0m
[0;32mI (517) wifi:Init static rx mgmt buffer num: 5[0m
[0;32mI (527) wifi:Init management short buffer num: 32[0m
[0;32mI (527) wifi:Init dynamic tx buffer num: 32[0m
[0;32mI (527) wifi:Init static rx buffer size: 1600[0m
[0;32mI (537) wifi:Init static rx buffer num: 10[0m
[0;32mI (537) wifi:Init dynamic rx buffer num: 32[0m
[0;32mI (547) wifi_init: rx ba win: 6[0m
[0;32mI (547) wifi_init: accept mbox: 6[0m
[0;32mI (547) wifi_init: tcpip mbox: 32[0m
[0;32mI (547) wifi_init: udp mbox: 6[0m
[0;32mI (557) wifi_init: tcp mbox: 6[0m
[0;32mI (557) wifi_init: tcp tx win: 5760[0m
[0;32mI (557) wifi_init: tcp rx win: 5760[0m
[0;32mI (567) wifi_init: tcp mss: 1440[0m
[0;32mI (567) wifi_init: WiFi IRAM OP enabled[0m
[0;32mI (567) wifi_init: WiFi RX IRAM OP enabled[0m
[0;32mI (577) wifi: scanning...[0m

ESP_ERROR_CHECK failed: esp_err_t 0x3002 (ESP_ERR_WIFI_NOT_STARTED) at 0x400d9d68
file: "./main/wifi.c" line 24
func: scanner
expression: esp_wifi_scan_start(NULL, true)

abort() was called at PC 0x4008928f on core 0


Backtrace: 0x40089335:0x3ffbaa50 0x400892fd:0x3ffbaa70 0x40088f81:0x3ffbaa90 0x4008928f:0x3ffbab00 0x400d9d68:0x3ffbab30 0x400d9df7:0x3ffbac00 0x400d450a:0x3ffbac20 0x4014e9b2:0x3ffbac50




ELF file SHA256: 3121aba67

Rebooting...
ets Jun  8 2016 00:22:57

rst:0xc (SW_CPU_RESET),boot:0x13 (SPI_FAST_FLASH_BOOT)
configsip: 0, SPIWP:0xee
clk_drv:0x00,q_drv:0x00,d_drv:0x00,cs0_drv:0x00,hd_drv:0x00,wp_drv:0x00
mode:DIO, clock div:2
load:0x3fff0040,len:6272
load:0x40078000,len:15848
load:0x40080400,len:3920
entry 0x40080644
[0;32mI (27) boot: ESP-IDF v6.0 2nd stage bootloader[0m
[0;32mI (27) boot: compile time Mar 27 2026 14:17:24[0m
[0;32mI (27) boot: Multicore bootloader[0m
[0;32mI (28) boot: chip revision: v1.0[0m
[0;32mI (31) boot.esp32: SPI Speed      : 40MHz[0m
[0;32mI (35) boot.esp32: SPI Mode       : DIO[0m
[0;32mI (38) boot.esp32: SPI Flash Size : 2MB[0m
[0;32mI (42) boot: Enabling RNG early entropy source...[0m
[0;32mI (47) boot: Partition Table:[0m
[0;32mI (49) boot: ## Label            Usage          Type ST Offset   Length[0m
[0;32mI (55) boot:  0 nvs              WiFi data        01 02 00009000 00006000[0m
[0;32mI (62) boot:  1 phy_init         RF data          01 01 0000f000 00001000[0m
[0;32mI (68) boot:  2 factory          factory app      00 00 00010000 00100000[0m
[0;32mI (75) boot: End of partition table[0m
[0;32mI (78) esp_image: segment 0: paddr=00010020 vaddr=3f400020 size=19454h (103508) map[0m
[0;32mI (123) esp_image: segment 1: paddr=0002947c vaddr=3ffb0000 size=044f0h ( 17648) load[0m
[0;32mI (130) esp_image: segment 2: paddr=0002d974 vaddr=40080000 size=026a4h (  9892) load[0m
[0;32mI (134) esp_image: segment 3: paddr=00030020 vaddr=400d0020 size=828fch (534780) map[0m
[0;32mI (325) esp_image: segment 4: paddr=000b2924 vaddr=400826a4 size=12b58h ( 76632) load[0m
[0;32mI (356) esp_image: segment 5: paddr=000c5484 vaddr=50000000 size=00028h (    40) load[0m
[0;32mI (367) boot: Loaded app from partition at offset 0x10000[0m
[0;32mI (367) boot: Disabling RNG early entropy source...[0m
[0;32mI (378) cpu_start: Multicore app[0m
[0;32mI (386) cpu_start: GPIO 3 and 1 are used as console UART I/O pins[0m
[0;32mI (386) cpu_start: Pro cpu start user code[0m
[0;32mI (386) cpu_start: cpu freq: 160000000 Hz[0m
[0;32mI (388) app_init: Application information:[0m
[0;32mI (392) app_init: Project name:     wifi[0m
[0;32mI (396) app_init: App version:      1[0m
[0;32mI (399) app_init: Compile time:     Mar 27 2026 14:17:17[0m
[0;32mI (404) app_init: ELF file SHA256:  3121aba67...[0m
[0;32mI (408) app_init: ESP-IDF:          v6.0[0m
[0;32mI (412) efuse_init: Min chip rev:     v0.0[0m
[0;32mI (416) efuse_init: Max chip rev:     v3.99 [0m
[0;32mI (420) efuse_init: Chip rev:         v1.0[0m
[0;32mI (424) heap_init: Initializing. RAM available for dynamic allocation:[0m
[0;32mI (430) heap_init: At 3FFAE6E0 len 00001920 (6 KiB): DRAM[0m
[0;32mI (435) heap_init: At 3FFB8930 len 000276D0 (157 KiB): DRAM[0m
[0;32mI (440) heap_init: At 3FFE0440 len 00003AE0 (14 KiB): D/IRAM[0m
[0;32mI (446) heap_init: At 3FFE4350 len 0001BCB0 (111 KiB): D/IRAM[0m
[0;32mI (451) heap_init: At 400951FC len 0000AE04 (43 KiB): IRAM[0m
[0;32mI (458) spi_flash: detected chip: generic[0m
[0;32mI (460) spi_flash: flash io: dio[0m
[0;33mW (463) spi_flash: Detected size(4096k) larger than the size in the binary image header(2048k). Using the size in the binary image header.[0m
[0;32mI (477) main_task: Started on CPU0[0m
[0;32mI (487) main_task: Calling app_main()[0m
[0;32mI (507) wifi:wifi driver task: 3ffc02a8, prio:23, stack:6656, core=0[0m
[0;32mI (507) wifi:wifi firmware version: 44738b4[0m
[0;32mI (507) wifi:wifi certification version: v7.0[0m
[0;32mI (507) wifi:config NVS flash: enabled[0m
[0;32mI (507) wifi:config nano formatting: disabled[0m
[0;32mI (517) wifi:Init data frame dynamic rx buffer num: 32[0m
[0;32mI (517) wifi:Init static rx mgmt buffer num: 5[0m
[0;32mI (527) wifi:Init management short buffer num: 32[0m
[0;32mI (527) wifi:Init dynamic tx buffer num: 32[0m
[0;32mI (527) wifi:Init static rx buffer size: 1600[0m
[0;32mI (537) wifi:Init static rx buffer num: 10[0m
[0;32mI (537) wifi:Init dynamic rx buffer num: 32[0m
[0;32mI (547) wifi_init: rx ba win: 6[0m
[0;32mI (547) wifi_init: accept mbox: 6[0m
[0;32mI (547) wifi_init: tcpip mbox: 32[0m
[0;32mI (547) wifi_init: udp mbox: 6[0m
[0;32mI (557) wifi_init: tcp mbox: 6[0m
[0;32mI (557) wifi_init: tcp tx win: 5760[0m
[0;32mI (557) wifi_init: tcp rx win: 5760[0m
[0;32mI (567) wifi_init: tcp mss: 1440[0m
[0;32mI (567) wifi_init: WiFi IRAM OP enabled[0m
[0;32mI (567) wifi_init: WiFi RX IRAM OP enabled[0m
[0;32mI (577) wifi: scanning...[0m

ESP_ERROR_CHECK failed: esp_err_t 0x3002 (ESP_ERR_WIFI_NOT_STARTED) at 0x400d9d68
file: "./main/wifi.c" line 24
func: scanner
expression: esp_wifi_scan_start(NULL, true)

abort() was called at PC 0x4008928f on core 0


Backtrace: 0x40089335:0x3ffbaa50 0x400892fd:0x3ffbaa70 0x40088f81:0x3ffbaa90 0x4008928f:0x3ffbab00 0x400d9d68:0x3ffbab30 0x400d9df7:0x3ffbac00 0x400d450a:0x3ffbac20 0x4014e9b2:0x3ffbac50




ELF file SHA256: 3121aba67

Rebooting...
ets Jun  8 2016 00:22:57

rst:0xc (SW_CPU_RESET),boot:0x13 (SPI_FAST_FLASH_BOOT)
configsip: 0, SPIWP:0xee
clk_drv:0x00,q_drv:0x00,d_drv:0x00,cs0_drv:0x00,hd_drv:0x00,wp_drv:0x00
mode:DIO, clock div:2
load:0x3fff0040,len:6272
load:0x40078000,len:15848
load:0x40080400,len:3920
entry 0x40080644
[0;32mI (27) boot: ESP-IDF v6.0 2nd stage bootloader[0m
[0;32mI (27) boot: compile time Mar 27 2026 14:17:24[0m
[0;32mI (27) boot: Multicore bootloader[0m
[0;32mI (28) boot: chip revision: v1.0[0m
[0;32mI (31) boot.esp32: SPI Speed      : 40MHz[0m
[0;32mI (35) boot.esp32: SPI Mode       : DIO[0m
[0;32mI (38) boot.esp32: SPI Flash Size : 2MB[0m
[0;32mI (42) boot: Enabling RNG early entropy source...[0m
[0;32mI (47) boot: Partition Table:[0m
[0;32mI (49) boot: ## Label            Usage          Type ST Offset   Length[0m
[0;32mI (55) boot:  0 nvs              WiFi data        01 02 00009000 00006000[0m
[0;32mI (62) boot:  1 phy_init         RF data          01 01 0000f000 00001000[0m
[0;32mI (68) boot:  2 factory          factory app      00 00 00010000 00100000[0m
[0;32mI (75) boot: End of partition table[0m
[0;32mI (78) esp_image: segment 0: paddr=00010020 vaddr=3f400020 size=19454h (103508) map[0m
[0;32mI (123) esp_image: segment 1: paddr=0002947c vaddr=3ffb0000 size=044f0h ( 17648) load[0m
[0;32mI (130) esp_image: segment 2: paddr=0002d974 vaddr=40080000 size=026a4h (  9892) load[0m
[0;32mI (134) esp_image: segment 3: paddr=00030020 vaddr=400d0020 size=828fch (534780) map[0m
[0;32mI (325) esp_image: segment 4: paddr=000b2924 vaddr=400826a4 size=12b58h ( 76632) load[0m
[0;32mI (356) esp_image: segment 5: paddr=000c5484 vaddr=50000000 size=00028h (    40) load[0m
[0;32mI (367) boot: Loaded app from partition at offset 0x10000[0m
[0;32mI (367) boot: Disabling RNG early entropy source...[0m
[0;32mI (378) cpu_start: Multicore app[0m
[0;32mI (386) cpu_start: GPIO 3 and 1 are used as console UART I/O pins[0m
[0;32mI (386) cpu_start: Pro cpu start user code[0m
[0;32mI (386) cpu_start: cpu freq: 160000000 Hz[0m
[0;32mI (388) app_init: Application information:[0m
[0;32mI (392) app_init: Project name:     wifi[0m
[0;32mI (396) app_init: App version:      1[0m
[0;32mI (399) app_init: Compile time:     Mar 27 2026 14:17:17[0m
[0;32mI (404) app_init: ELF file SHA256:  3121aba67...[0m
[0;32mI (408) app_init: ESP-IDF:          v6.0[0m
[0;32mI (412) efuse_init: Min chip rev:     v0.0[0m
[0;32mI (416) efuse_init: Max chip rev:     v3.99 [0m
[0;32mI (420) efuse_init: Chip rev:         v1.0[0m
[0;32mI (424) heap_init: Initializing. RAM available for dynamic allocation:[0m
[0;32mI (430) heap_init: At 3FFAE6E0 len 00001920 (6 KiB): DRAM[0m
[0;32mI (435) heap_init: At 3FFB8930 len 000276D0 (157 KiB): DRAM[0m
[0;32mI (440) heap_init: At 3FFE0440 len 00003AE0 (14 KiB): D/IRAM[0m
[0;32mI (446) heap_init: At 3FFE4350 len 0001BCB0 (111 KiB): D/IRAM[0m
[0;32mI (451) heap_init: At 400951FC len 0000AE04 (43 KiB): IRAM[0m
[0;32mI (458) spi_flash: detected chip: generic[0m
[0;32mI (460) spi_flash: flash io: dio[0m
[0;33mW (463) spi_flash: Detected size(4096k) larger than the size in the binary image header(2048k). Using the size in the binary image header.[0m
[0;32mI (477) main_task: Started on CPU0[0m
[0;32mI (487) main_task: Calling app_main()[0m
[0;32mI (507) wifi:wifi driver task: 3ffc02a8, prio:23, stack:6656, core=0[0m
[0;32mI (507) wifi:wifi firmware version: 44738b4[0m
[0;32mI (507) wifi:wifi certification version: v7.0[0m
[0;32mI (507) wifi:config NVS flash: enabled[0m
[0;32mI (507) wifi:config nano formatting: disabled[0m
[0;32mI (517) wifi:Init data frame dynamic rx buffer num: 32[0m
[0;32mI (517) wifi:Init static rx mgmt buffer num: 5[0m
[0;32mI (527) wifi:Init management short buffer num: 32[0m
[0;32mI (527) wifi:Init dynamic tx buffer num: 32[0m
[0;32mI (527) wifi:Init static rx buffer size: 1600[0m
[0;32mI (537) wifi:Init static rx buffer num: 10[0m
[0;32mI (537) wifi:Init dynamic rx buffer num: 32[0m
[0;32mI (547) wifi_init: rx ba win: 6[0m
[0;32mI (547) wifi_init: accept mbox: 6[0m
[0;32mI (547) wifi_init: tcpip mbox: 32[0m
[0;32mI (547) wifi_init: udp mbox: 6[0m
[0;32mI (557) wifi_init: tcp mbox: 6[0m
[0;32mI (557) wifi_init: tcp tx win: 5760[0m
[0;32mI (557) wifi_init: tcp rx win: 5760[0m
[0;32mI (567) wifi_init: tcp mss: 1440[0m
[0;32mI (567) wifi_init: WiFi IRAM OP enabled[0m
[0;32mI (567) wifi_init: WiFi RX IRAM OP enabled[0m
[0;32mI (577) wifi: scanning...[0m

ESP_ERROR_CHECK failed: esp_err_t 0x3002 (ESP_ERR_WIFI_NOT_STARTED) at 0x400d9d68
file: "./main/wifi.c" line 24
func: scanner
expression: esp_wifi_scan_start(NULL, true)

abort() was called at PC 0x4008928f on core 0


Backtrace: 0x40089335:0x3ffbaa50 0x400892fd:0x3ffbaa70 0x40088f81:0x3ffbaa90 0x4008928f:0x3ffbab00 0x400d9d68:0x3ffbab30 0x400d9df7:0x3ffbac00 0x400d450a:0x3ffbac20 0x4014e9b2:0x3ffbac50




ELF file SHA256: 3121aba67

Rebooting...
ets Jun  8 2016 00:22:57

rst:0xc (SW_CPU_RESET),boot:0x13 (SPI_FAST_FLASH_BOOT)
configsip: 0, SPIWP:0xee
clk_drv:0x00,q_drv:0x00,d_drv:0x00,cs0_drv:0x00,hd_drv:0x00,wp_drv:0x00
mode:DIO, clock div:2
load:0x3fff0040,len:6272
load:0x40078000,len:15848
load:0x40080400,len:3920
entry 0x40080644
[0;32mI (27) boot: ESP-IDF v6.0 2nd stage bootloader[0m
[0;32mI (27) boot: compile time Mar 27 2026 14:17:24[0m
[0;32mI (27) boot: Multicore bootloader[0m
[0;32mI (28) boot: chip revision: v1.0[0m
[0;32mI (31) boot.esp32: SPI Speed      : 40MHz[0m
[0;32mI (35) boot.esp32: SPI Mode       : DIO[0m
[0;32mI (38) boot.esp32: SPI Flash Size : 2MB[0m
[0;32mI (42) boot: Enabling RNG early entropy source...[0m
[0;32mI (47) boot: Partition Table:[0m
[0;32mI (49) boot: ## Label            Usage          Type ST Offset   Length[0m
[0;32mI (55) boot:  0 nvs              WiFi data        01 02 00009000 00006000[0m
[0;32mI (62) boot:  1 phy_init         RF data          01 01 0000f000 00001000[0m
[0;32mI (68) boot:  2 factory          factory app      00 00 00010000 00100000[0m
[0;32mI (75) boot: End of partition table[0m
[0;32mI (78) esp_image: segment 0: paddr=00010020 vaddr=3f400020 size=19454h (103508) map[0m
[0;32mI (123) esp_image: segment 1: paddr=0002947c vaddr=3ffb0000 size=044f0h ( 17648) load[0m
[0;32mI (130) esp_image: segment 2: paddr=0002d974 vaddr=40080000 size=026a4h (  9892) load[0m
[0;32mI (134) esp_image: segment 3: paddr=00030020 vaddr=400d0020 size=828fch (534780) map[0m
[0;32mI (325) esp_image: segment 4: paddr=000b2924 vaddr=400826a4 size=12b58h ( 76632) load[0m
[0;32mI (356) esp_image: segment 5: paddr=000c5484 vaddr=50000000 size=00028h (    40) load[0m
[0;32mI (367) boot: Loaded app from partition at offset 0x10000[0m
[0;32mI (367) boot: Disabling RNG early entropy source...[0m
[0;32mI (378) cpu_start: Multicore app[0m
[0;32mI (386) cpu_start: GPIO 3 and 1 are used as console UART I/O pins[0m
[0;32mI (386) cpu_start: Pro cpu start user code[0m
[0;32mI (386) cpu_start: cpu freq: 160000000 Hz[0m
[0;32mI (388) app_init: Application information:[0m
[0;32mI (392) app_init: Project name:     wifi[0m
[0;32mI (396) app_init: App version:      1[0m
[0;32mI (399) app_init: Compile time:     Mar 27 2026 14:17:17[0m
[0;32mI (404) app_init: ELF file SHA256:  3121aba67...[0m
[0;32mI (408) app_init: ESP-IDF:          v6.0[0m
[0;32mI (412) efuse_init: Min chip rev:     v0.0[0m
[0;32mI (416) efuse_init: Max chip rev:     v3.99 [0m
[0;32mI (420) efuse_init: Chip rev:         v1.0[0m
[0;32mI (424) heap_init: Initializing. RAM available for dynamic allocation:[0m
[0;32mI (430) heap_init: At 3FFAE6E0 len 00001920 (6 KiB): DRAM[0m
[0;32mI (435) heap_init: At 3FFB8930 len 000276D0 (157 KiB): DRAM[0m
[0;32mI (440) heap_init: At 3FFE0440 len 00003AE0 (14 KiB): D/IRAM[0m
[0;32mI (446) heap_init: At 3FFE4350 len 0001BCB0 (111 KiB): D/IRAM[0m
[0;32mI (451) heap_init: At 400951FC len 0000AE04 (43 KiB): IRAM[0m
[0;32mI (458) spi_flash: detected chip: generic[0m
[0;32mI (460) spi_flash: flash io: dio[0m
[0;33mW (463) spi_flash: Detected size(4096k) larger than the size in the binary image header(2048k). Using the size in the binary image header.[0m
[0;32mI (477) main_task: Started on CPU0[0m
[0;32mI (487) main_task: Calling app_main()[0m
[0;32mI (507) wifi:wifi driver task: 3ffc02a8, prio:23, stack:6656, core=0[0m
[0;32mI (507) wifi:wifi firmware version: 44738b4[0m
[0;32mI (507) wifi:wifi certification version: v7.0[0m
[0;32mI (507) wifi:config NVS flash: enabled[0m
[0;32mI (507) wifi:config nano formatting: disabled[0m
[0;32mI (517) wifi:Init data frame dynamic rx buffer num: 32[0m
[0;32mI (517) wifi:Init static rx mgmt buffer num: 5[0m
[0;32mI (527) wifi:Init management short buffer num: 32[0m
[0;32mI (527) wifi:Init dynamic tx buffer num: 32[0m
[0;32mI (527) wifi:Init static rx buffer size: 1600[0m
[0;32mI (537) wifi:Init static rx buffer num: 10[0m
[0;32mI (537) wifi:Init dynamic rx buffer num: 32[0m
[0;32mI (547) wifi_init: rx ba win: 6[0m
[0;32mI (547) wifi_init: accept mbox: 6[0m
[0;32mI (547) wifi_init: tcpip mbox: 32[0m
[0;32mI (547) wifi_init: udp mbox: 6[0m
[0;32mI (557) wifi_init: tcp mbox: 6[0m
[0;32mI (557) wifi_init: tcp tx win: 5760[0m
[0;32mI (557) wifi_init: tcp rx win: 5760[0m
[0;32mI (567) wifi_init: tcp mss: 1440[0m
[0;32mI (567) wifi_init: WiFi IRAM OP enabled[0m
[0;32mI (567) wifi_init: WiFi RX IRAM OP enabled[0m
[0;32mI (577) wifi: scanning...[0m

ESP_ERROR_CHECK failed: esp_err_t 0x3002 (ESP_ERR_WIFI_NOT_STARTED) at 0x400d9d68
file: "./main/wifi.c" line 24
func: scanner
expression: esp_wifi_scan_start(NULL, true)

abort() was called at PC 0x4008928f on core 0


Backtrace: 0x40089335:0x3ffbaa50 0x400892fd:0x3ffbaa70 0x40088f81:0x3ffbaa90 0x4008928f:0x3ffbab00 0x400d9d68:0x3ffbab30 0x400d9df7:0x3ffbac00 0x400d450a:0x3ffbac20 0x4014e9b2:0x3ffbac50




ELF file SHA256: 3121aba67

Rebooting...
ets Jun  8 2016 00:22:57

rst:0xc (SW_CPU_RESET),boot:0x13 (SPI_FAST_FLASH_BOOT)
configsip: 0, SPIWP:0xee
clk_drv:0x00,q_drv:0x00,d_drv:0x00,cs0_drv:0x00,hd_drv:0x00,wp_drv:0x00
mode:DIO, clock div:2
load:0x3fff0040,len:6272
load:0x40078000,len:15848
load:0x40080400,len:3920
entry 0x40080644
[0;32mI (27) boot: ESP-IDF v6.0 2nd stage bootloader[0m
[0;32mI (27) boot: compile time Mar 27 2026 14:17:24[0m
[0;32mI (27) boot: Multicore bootloader[0m
[0;32mI (28) boot: chip revision: v1.0[0m
[0;32mI (31) boot.esp32: SPI Speed      : 40MHz[0m
[0;32mI (35) boot.esp32: SPI Mode       : DIO[0m
[0;32mI (38) boot.esp32: SPI Flash Size : 2MB[0m
[0;32mI (42) boot: Enabling RNG early entropy source...[0m
[0;32mI (47) boot: Partition Table:[0m
[0;32mI (49) boot: ## Label            Usage          Type ST Offset   Length[0m
[0;32mI (55) boot:  0 nvs              WiFi data        01 02 00009000 00006000[0m
[0;32mI (62) boot:  1 phy_init         RF data          01 01 0000f000 00001000[0m
[0;32mI (68) boot:  2 factory          factory app      00 00 00010000 00100000[0m
[0;32mI (75) boot: End of partition table[0m
[0;32mI (78) esp_image: segment 0: paddr=00010020 vaddr=3f400020 size=19454h (103508) map[0m
[0;32mI (123) esp_image: segment 1: paddr=0002947c vaddr=3ffb0000 size=044f0h ( 17648) load[0m
[0;32mI (130) esp_image: segment 2: paddr=0002d974 vaddr=40080000 size=026a4h (  9892) load[0m
[0;32mI (134) esp_image: segment 3: paddr=00030020 vaddr=400d0020 size=828fch (534780) map[0m
[0;32mI (325) esp_image: segment 4: paddr=000b2924 vaddr=400826a4 size=12b58h ( 76632) load[0m
[0;32mI (356) esp_image: segment 5: paddr=000c5484 vaddr=50000000 size=00028h (    40) load[0m
[0;32mI (367) boot: Loaded app from partition at offset 0x10000[0m
[0;32mI (367) boot: Disabling RNG early entropy source...[0m
[0;32mI (378) cpu_start: Multicore app[0m
[0;32mI (386) cpu_start: GPIO 3 and 1 are used as console UART I/O pins[0m
[0;32mI (386) cpu_start: Pro cpu start user code[0m
[0;32mI (386) cpu_start: cpu freq: 160000000 Hz[0m
[0;32mI (388) app_init: Application information:[0m
[0;32mI (392) app_init: Project name:     wifi[0m
[0;32mI (396) app_init: App version:      1[0m
[0;32mI (399) app_init: Compile time:     Mar 27 2026 14:17:17[0m
[0;32mI (404) app_init: ELF file SHA256:  3121aba67...[0m
[0;32mI (408) app_init: ESP-IDF:          v6.0[0m
[0;32mI (412) efuse_init: Min chip rev:     v0.0[0m
[0;32mI (416) efuse_init: Max chip rev:     v3.99 [0m
[0;32mI (420) efuse_init: Chip rev:         v1.0[0m
[0;32mI (424) heap_init: Initializing. RAM available for dynamic allocation:[0m
[0;32mI (430) heap_init: At 3FFAE6E0 len 00001920 (6 KiB): DRAM[0m
[0;32mI (435) heap_init: At 3FFB8930 len 000276D0 (157 KiB): DRAM[0m
[0;32mI (440) heap_init: At 3FFE0440 len 00003AE0 (14 KiB): D/IRAM[0m
[0;32mI (446) heap_init: At 3FFE4350 len 0001BCB0 (111 KiB): D/IRAM[0m
[0;32mI (451) heap_init: At 400951FC len 0000AE04 (43 KiB): IRAM[0m
[0;32mI (458) spi_flash: detected chip: generic[0m
[0;32mI (460) spi_flash: flash io: dio[0m
[0;33mW (463) spi_flash: Detected size(4096k) larger than the size in the binary image header(2048k). Using the size in the binary image header.[0m
[0;32mI (477) main_task: Started on CPU0[0m
[0;32mI (487) main_task: Calling app_main()[0m
[0;32mI (507) wifi:wifi driver task: 3ffc02a8, prio:23, stack:6656, core=0[0m
[0;32mI (507) wifi:wifi firmware version: 44738b4[0m
[0;32mI (507) wifi:wifi certification version: v7.0[0m
[0;32mI (507) wifi:config NVS flash: enabled[0m
[0;32mI (507) wifi:config nano formatting: disabled[0m
[0;32mI (517) wifi:Init data frame dynamic rx buffer num: 32[0m
[0;32mI (517) wifi:Init static rx mgmt buffer num: 5[0m
[0;32mI (527) wifi:Init management short buffer num: 32[0m
[0;32mI (527) wifi:Init dynamic tx buffer num: 32[0m
[0;32mI (527) wifi:Init static rx buffer size: 1600[0m
[0;32mI (537) wifi:Init static rx buffer num: 10[0m
[0;32mI (537) wifi:Init dynamic rx buffer num: 32[0m
[0;32mI (547) wifi_init: rx ba win: 6[0m
[0;32mI (547) wifi_init: accept mbox: 6[0m
[0;32mI (547) wifi_init: tcpip mbox: 32[0m
[0;32mI (547) wifi_init: udp mbox: 6[0m
[0;32mI (557) wifi_init: tcp mbox: 6[0m
[0;32mI (557) wifi_init: tcp tx win: 5760[0m
[0;32mI (557) wifi_init: tcp rx win: 5760[0m
[0;32mI (567) wifi_init: tcp mss: 1440[0m
[0;32mI (567) wifi_init: WiFi IRAM OP enabled[0m
[0;32mI (567) wifi_init: WiFi RX IRAM OP enabled[0m
[0;32mI (577) wifi: scanning...[0m

ESP_ERROR_CHECK failed: esp_err_t 0x3002 (ESP_ERR_WIFI_NOT_STARTED) at 0x400d9d68
file: "./main/wifi.c" line 24
func: scanner
expression: esp_wifi_scan_start(NULL, true)

abort() was called at PC 0x4008928f on core 0


Backtrace: 0x40089335:0x3ffbaa50 0x400892fd:0x3ffbaa70 0x40088f81:0x3ffbaa90 0x4008928f:0x3ffbab00 0x400d9d68:0x3ffbab30 0x400d9df7:0x3ffbac00 0x400d450a:0x3ffbac20 0x4014e9b2:0x3ffbac50




ELF file SHA256: 3121aba67

Rebooting...
ets Jun  8 2016 00:22:57

rst:0xc (SW_CPU_RESET),boot:0x13 (SPI_FAST_FLASH_BOOT)
configsip: 0, SPIWP:0xee
clk_drv:0x00,q_drv:0x00,d_drv:0x00,cs0_drv:0x00,hd_drv:0x00,wp_drv:0x00
mode:DIO, clock div:2
load:0x3fff0040,len:6272
load:0x40078000,len:15848
load:0x40080400,len:3920
entry 0x40080644
[0;32mI (27) boot: ESP-IDF v6.0 2nd stage bootloader[0m
[0;32mI (27) boot: compile time Mar 27 2026 14:17:24[0m
[0;32mI (27) boot: Multicore bootloader[0m
[0;32mI (28) boot: chip revision: v1.0[0m
[0;32mI (31) boot.esp32: SPI Speed      : 40MHz[0m
[0;32mI (35) boot.esp32: SPI Mode       : DIO[0m
[0;32mI (38) boot.esp32: SPI Flash Size : 2MB[0m
[0;32mI (42) boot: Enabling RNG early entropy source...[0m
[0;32mI (47) boot: Partition Table:[0m
[0;32mI (49) boot: ## Label            Usage          Type ST Offset   Length[0m
[0;32mI (55) boot:  0 nvs              WiFi data        01 02 00009000 00006000[0m
[0;32mI (62) boot:  1 phy_init         RF data          01 01 0000f000 00001000[0m
[0;32mI (68) boot:  2 factory          factory app      00 00 00010000 00100000[0m
[0;32mI (75) boot: End of partition table[0m
[0;32mI (78) esp_image: segment 0: paddr=00010020 vaddr=3f400020 size=19454h (103508) map[0m
[0;32mI (123) esp_image: segment 1: paddr=0002947c vaddr=3ffb0000 size=044f0h ( 17648) load[0m
[0;32mI (130) esp_image: segment 2: paddr=0002d974 vaddr=40080000 size=026a4h (  9892) load[0m
[0;32mI (134) esp_image: segment 3: paddr=00030020 vaddr=400d0020 size=828fch (534780) map[0m
[0;32mI (325) esp_image: segment 4: paddr=000b2924 vaddr=400826a4 size=12b58h ( 76632) load[0m
[0;32mI (356) esp_image: segment 5: paddr=000c5484 vaddr=50000000 size=00028h (    40) load[0m
[0;32mI (367) boot: Loaded app from partition at offset 0x10000[0m
[0;32mI (367) boot: Disabling RNG early entropy source...[0m
[0;32mI (378) cpu_start: Multicore app[0m
[0;32mI (386) cpu_start: GPIO 3 and 1 are used as console UART I/O pins[0m
[0;32mI (386) cpu_start: Pro cpu start user code[0m
[0;32mI (386) cpu_start: cpu freq: 160000000 Hz[0m
[0;32mI (388) app_init: Application information:[0m
[0;32mI (392) app_init: Project name:     wifi[0m
[0;32mI (396) app_init: App version:      1[0m
[0;32mI (399) app_init: Compile time:     Mar 27 2026 14:17:17[0m
[0;32mI (404) app_init: ELF file SHA256:  3121aba67...[0m
[0;32mI (408) app_init: ESP-IDF:          v6.0[0m
[0;32mI (412) efuse_init: Min chip rev:     v0.0[0m
[0;32mI (416) efuse_init: Max chip rev:     v3.99 [0m
[0;32mI (420) efuse_init: Chip rev:         v1.0[0m
[0;32mI (424) heap_init: Initializing. RAM available for dynamic allocation:[0m
[0;32mI (430) heap_init: At 3FFAE6E0 len 00001920 (6 KiB): DRAM[0m
[0;32mI (435) heap_init: At 3FFB8930 len 000276D0 (157 KiB): DRAM[0m
[0;32mI (440) heap_init: At 3FFE0440 len 00003AE0 (14 KiB): D/IRAM[0m
[0;32mI (446) heap_init: At 3FFE4350 len 0001BCB0 (111 KiB): D/IRAM[0m
[0;32mI (451) heap_init: At 400951FC len 0000AE04 (43 KiB): IRAM[0m
[0;32mI (458) spi_flash: detected chip: generic[0m
[0;32mI (460) spi_flash: flash io: dio[0m
[0;33mW (463) spi_flash: Detected size(4096k) larger than the size in the binary image header(2048k). Using the size in the binary image header.[0m
[0;32mI (477) main_task: Started on CPU0[0m
[0;32mI (487) main_task: Calling app_main()[0m
[0;32mI (507) wifi:wifi driver task: 3ffc02a8, prio:23, stack:6656, core=0[0m
[0;32mI (507) wifi:wifi firmware version: 44738b4[0m
[0;32mI (507) wifi:wifi certification version: v7.0[0m
[0;32mI (507) wifi:config NVS flash: enabled[0m
[0;32mI (507) wifi:config nano formatting: disabled[0m
[0;32mI (517) wifi:Init data frame dynamic rx buffer num: 32[0m
[0;32mI (517) wifi:Init static rx mgmt buffer num: 5[0m
[0;32mI (527) wifi:Init management short buffer num: 32[0m
[0;32mI (527) wifi:Init dynamic tx buffer num: 32[0m
[0;32mI (527) wifi:Init static rx buffer size: 1600[0m
[0;32mI (537) wifi:Init static rx buffer num: 10[0m
[0;32mI (537) wifi:Init dynamic rx buffer num: 32[0m
[0;32mI (547) wifi_init: rx ba win: 6[0m
[0;32mI (547) wifi_init: accept mbox: 6[0m
[0;32mI (547) wifi_init: tcpip mbox: 32[0m
[0;32mI (547) wifi_init: udp mbox: 6[0m
[0;32mI (557) wifi_init: tcp mbox: 6[0m
[0;32mI (557) wifi_init: tcp tx win: 5760[0m
[0;32mI (557) wifi_init: tcp rx win: 5760[0m
[0;32mI (567) wifi_init: tcp mss: 1440[0m
[0;32mI (567) wifi_init: WiFi IRAM OP enabled[0m
[0;32mI (567) wifi_init: WiFi RX IRAM OP enabled[0m
[0;32mI (577) wifi: scanning...[0m

ESP_ERROR_CHECK failed: esp_err_t 0x3002 (ESP_ERR_WIFI_NOT_STARTED) at 0x400d9d68
file: "./main/wifi.c" line 24
func: scanner
expression: esp_wifi_scan_start(NULL, true)

abort() was called at PC 0x4008928f on core 0


Backtrace: 0x40089335:0x3ffbaa50 0x400892fd:0x3ffbaa70 0x40088f81:0x3ffbaa90 0x4008928f:0x3ffbab00 0x400d9d68:0x3ffbab30 0x400d9df7:0x3ffbac00 0x400d450a:0x3ffbac20 0x4014e9b2:0x3ffbac50




ELF file SHA256: 3121aba67

Rebooting...
ets Jun  8 2016 00:22:57

rst:0xc (SW_CPU_RESET),boot:0x13 (SPI_FAST_FLASH_BOOT)
configsip: 0, SPIWP:0xee
clk_drv:0x00,q_drv:0x00,d_drv:0x00,cs0_drv:0x00,hd_drv:0x00,wp_drv:0x00
mode:DIO, clock div:2
load:0x3fff0040,len:6272
load:0x40078000,len:15848
load:0x40080400,len:3920
entry 0x40080644
[0;32mI (27) boot: ESP-IDF v6.0 2nd stage bootloader[0m
[0;32mI (27) boot: compile time Mar 27 2026 14:17:24[0m
[0;32mI (27) boot: Multicore bootloader[0m
[0;32mI (28) boot: chip revision: v1.0[0m
[0;32mI (31) boot.esp32: SPI Speed      : 40MHz[0m
[0;32mI (35) boot.esp32: SPI Mode       : DIO[0m
[0;32mI (38) boot.esp32: SPI Flash Size : 2MB[0m
[0;32mI (42) boot: Enabling RNG early entropy source...[0m
[0;32mI (47) boot: Partition Table:[0m
[0;32mI (49) boot: ## Label            Usage          Type ST Offset   Length[0m
[0;32mI (55) boot:  0 nvs              WiFi data        01 02 00009000 00006000[0m
[0;32mI (62) boot:  1 phy_init         RF data          01 01 0000f000 00001000[0m
[0;32mI (68) boot:  2 factory          factory app      00 00 00010000 00100000[0m
[0;32mI (75) boot: End of partition table[0m
[0;32mI (78) esp_image: segment 0: paddr=00010020 vaddr=3f400020 size=19454h (103508) map[0m
[0;32mI (123) esp_image: segment 1: paddr=0002947c vaddr=3ffb0000 size=044f0h ( 17648) load[0m
[0;32mI (130) esp_image: segment 2: paddr=0002d974 vaddr=40080000 size=026a4h (  9892) load[0m
[0;32mI (134) esp_image: segment 3: paddr=00030020 vaddr=400d0020 size=828fch (534780) map[0m
[0;32mI (325) esp_image: segment 4: paddr=000b2924 vaddr=400826a4 size=12b58h ( 76632) load[0m
[0;32mI (356) esp_image: segment 5: paddr=000c5484 vaddr=50000000 size=00028h (    40) load[0m
[0;32mI (367) boot: Loaded app from partition at offset 0x10000[0m
[0;32mI (367) boot: Disabling RNG early entropy source...[0m
[0;32mI (378) cpu_start: Multicore app[0m
[0;32mI (386) cpu_start: GPIO 3 and 1 are used as console UART I/O pins[0m
[0;32mI (386) cpu_start: Pro cpu start user code[0m
[0;32mI (386) cpu_start: cpu freq: 160000000 Hz[0m
[0;32mI (388) app_init: Application information:[0m
[0;32mI (392) app_init: Project name:     wifi[0m
[0;32mI (396) app_init: App version:      1[0m
[0;32mI (399) app_init: Compile time:     Mar 27 2026 14:17:17[0m
[0;32mI (404) app_init: ELF file SHA256:  3121aba67...[0m
[0;32mI (408) app_init: ESP-IDF:          v6.0[0m
[0;32mI (412) efuse_init: Min chip rev:     v0.0[0m
[0;32mI (416) efuse_init: Max chip rev:     v3.99 [0m
[0;32mI (420) efuse_init: Chip rev:         v1.0[0m
[0;32mI (424) heap_init: Initializing. RAM available for dynamic allocation:[0m
[0;32mI (430) heap_init: At 3FFAE6E0 len 00001920 (6 KiB): DRAM[0m
[0;32mI (435) heap_init: At 3FFB8930 len 000276D0 (157 KiB): DRAM[0m
[0;32mI (440) heap_init: At 3FFE0440 len 00003AE0 (14 KiB): D/IRAM[0m
[0;32mI (446) heap_init: At 3FFE4350 len 0001BCB0 (111 KiB): D/IRAM[0m
[0;32mI (451) heap_init: At 400951FC len 0000AE04 (43 KiB): IRAM[0m
[0;32mI (458) spi_flash: detected chip: generic[0m
[0;32mI (460) spi_flash: flash io: dio[0m
[0;33mW (463) spi_flash: Detected size(4096k) larger than the size in the binary image header(2048k). Using the size in the binary image header.[0m
[0;32mI (477) main_task: Started on CPU0[0m
[0;32mI (487) main_task: Calling app_main()[0m
[0;32mI (507) wifi:wifi driver task: 3ffc02a8, prio:23, stack:6656, core=0[0m
[0;32mI (507) wifi:wifi firmware version: 44738b4[0m
[0;32mI (507) wifi:wifi certification version: v7.0[0m
[0;32mI (507) wifi:config NVS flash: enabled[0m
[0;32mI (507) wifi:config nano formatting: disabled[0m
[0;32mI (517) wifi:Init data frame dynamic rx buffer num: 32[0m
[0;32mI (517) wifi:Init static rx mgmt buffer num: 5[0m
[0;32mI (527) wifi:Init management short buffer num: 32[0m
[0;32mI (527) wifi:Init dynamic tx buffer num: 32[0m
[0;32mI (527) wifi:Init static rx buffer size: 1600[0m
[0;32mI (537) wifi:Init static rx buffer num: 10[0m
[0;32mI (537) wifi:Init dynamic rx buffer num: 32[0m
[0;32mI (547) wifi_init: rx ba win: 6[0m
[0;32mI (547) wifi_init: accept mbox: 6[0m
[0;32mI (547) wifi_init: tcpip mbox: 32[0m
[0;32mI (547) wifi_init: udp mbox: 6[0m
[0;32mI (557) wifi_init: tcp mbox: 6[0m
[0;32mI (557) wifi_init: tcp tx win: 5760[0m
[0;32mI (557) wifi_init: tcp rx win: 5760[0m
[0;32mI (567) wifi_init: tcp mss: 1440[0m
[0;32mI (567) wifi_init: WiFi IRAM OP enabled[0m
[0;32mI (567) wifi_init: WiFi RX IRAM OP enabled[0m
[0;32mI (577) wifi: scanning...[0m

ESP_ERROR_CHECK failed: esp_err_t 0x3002 (ESP_ERR_WIFI_NOT_STARTED) at 0x400d9d68
file: "./main/wifi.c" line 24
func: scanner
expression: esp_wifi_scan_start(NULL, true)

abort() was called at PC 0x4008928f on core 0


Backtrace: 0x40089335:0x3ffbaa50 0x400892fd:0x3ffbaa70 0x40088f81:0x3ffbaa90 0x4008928f:0x3ffbab00 0x400d9d68:0x3ffbab30 0x400d9df7:0x3ffbac00 0x400d450a:0x3ffbac20 0x4014e9b2:0x3ffbac50




ELF file SHA256: 3121aba67

Rebooting...
ets Jun  8 2016 00:22:57

rst:0xc (SW_CPU_RESET),boot:0x13 (SPI_FAST_FLASH_BOOT)
configsip: 0, SPIWP:0xee
clk_drv:0x00,q_drv:0x00,d_drv:0x00,cs0_drv:0x00,hd_drv:0x00,wp_drv:0x00
mode:DIO, clock div:2
load:0x3fff0040,len:6272
load:0x40078000,len:15848
load:0x40080400,len:3920
entry 0x40080644
[0;32mI (27) boot: ESP-IDF v6.0 2nd stage bootloader[0m
[0;32mI (27) boot: compile time Mar 27 2026 14:17:24[0m
[0;32mI (27) boot: Multicore bootloader[0m
[0;32mI (28) boot: chip revision: v1.0[0m
[0;32mI (31) boot.esp32: SPI Speed      : 40MHz[0m
[0;32mI (35) boot.esp32: SPI Mode       : DIO[0m
[0;32mI (38) boot.esp32: SPI Flash Size : 2MB[0m
[0;32mI (42) boot: Enabling RNG early entropy source...[0m
[0;32mI (47) boot: Partition Table:[0m
[0;32mI (49) boot: ## Label            Usage          Type ST Offset   Length[0m
[0;32mI (55) boot:  0 nvs              WiFi data        01 02 00009000 00006000[0m
[0;32mI (62) boot:  1 phy_init         RF data          01 01 0000f000 00001000[0m
[0;32mI (68) boot:  2 factory          factory app      00 00 00010000 00100000[0m
[0;32mI (75) boot: End of partition table[0m
[0;32mI (78) esp_image: segment 0: paddr=00010020 vaddr=3f400020 size=19454h (103508) map[0m
[0;32mI (123) esp_image: segment 1: paddr=0002947c vaddr=3ffb0000 size=044f0h ( 17648) load[0m
[0;32mI (130) esp_image: segment 2: paddr=0002d974 vaddr=40080000 size=026a4h (  9892) load[0m
[0;32mI (134) esp_image: segment 3: paddr=00030020 vaddr=400d0020 size=828fch (534780) map[0m
[0;32mI (325) esp_image: segment 4: paddr=000b2924 vaddr=400826a4 size=12b58h ( 76632) load[0m
[0;32mI (356) esp_image: segment 5: paddr=000c5484 vaddr=50000000 size=00028h (    40) load[0m
[0;32mI (367) boot: Loaded app from partition at offset 0x10000[0m
[0;32mI (367) boot: Disabling RNG early entropy source...[0m
[0;32mI (378) cpu_start: Multicore app[0m
[0;32mI (386) cpu_start: GPIO 3 and 1 are used as console UART I/O pins[0m
[0;32mI (386) cpu_start: Pro cpu start user code[0m
[0;32mI (386) cpu_start: cpu freq: 160000000 Hz[0m
[0;32mI (388) app_init: Application information:[0m
[0;32mI (392) app_init: Project name:     wifi[0m
[0;32mI (396) app_init: App version:      1[0m
[0;32mI (399) app_init: Compile time:     Mar 27 2026 14:17:17[0m
[0;32mI (404) app_init: ELF file SHA256:  3121aba67...[0m
[0;32mI (408) app_init: ESP-IDF:          v6.0[0m
[0;32mI (412) efuse_init: Min chip rev:     v0.0[0m
[0;32mI (416) efuse_init: Max chip rev:     v3.99 [0m
[0;32mI (420) efuse_init: Chip rev:         v1.0[0m
[0;32mI (424) heap_init: Initializing. RAM available for dynamic allocation:[0m
[0;32mI (430) heap_init: At 3FFAE6E0 len 00001920 (6 KiB): DRAM[0m
[0;32mI (435) heap_init: At 3FFB8930 len 000276D0 (157 KiB): DRAM[0m
[0;32mI (440) heap_init: At 3FFE0440 len 00003AE0 (14 KiB): D/IRAM[0m
[0;32mI (446) heap_init: At 3FFE4350 len 0001BCB0 (111 KiB): D/IRAM[0m
[0;32mI (451) heap_init: At 400951FC len 0000AE04 (43 KiB): IRAM[0m
[0;32mI (458) spi_flash: detected chip: generic[0m
[0;32mI (460) spi_flash: flash io: dio[0m
[0;33mW (463) spi_flash: Detected size(4096k) larger than the size in the binary image header(2048k). Using the size in the binary image header.[0m
[0;32mI (477) main_task: Started on CPU0[0m
[0;32mI (487) main_task: Calling app_main()[0m
[0;32mI (507) wifi:wifi driver task: 3ffc02a8, prio:23, stack:6656, core=0[0m
[0;32mI (507) wifi:wifi firmware version: 44738b4[0m
[0;32mI (507) wifi:wifi certification version: v7.0[0m
[0;32mI (507) wifi:config NVS flash: enabled[0m
[0;32mI (507) wifi:config nano formatting: disabled[0m
[0;32mI (517) wifi:Init data frame dynamic rx buffer num: 32[0m
[0;32mI (517) wifi:Init static rx mgmt buffer num: 5[0m
[0;32mI (527) wifi:Init management short buffer num: 32[0m
[0;32mI (527) wifi:Init dynamic tx buffer num: 32[0m
[0;32mI (527) wifi:Init static rx buffer size: 1600[0m
[0;32mI (537) wifi:Init static rx buffer num: 10[0m
[0;32mI (537) wifi:Init dynamic rx buffer num: 32[0m
[0;32mI (547) wifi_init: rx ba win: 6[0m
[0;32mI (547) wifi_init: accept mbox: 6[0m
[0;32mI (547) wifi_init: tcpip mbox: 32[0m
[0;32mI (547) wifi_init: udp mbox: 6[0m
[0;32mI (557) wifi_init: tcp mbox: 6[0m
[0;32mI (557) wifi_init: tcp tx win: 5760[0m
[0;32mI (557) wifi_init: tcp rx win: 5760[0m
[0;32mI (567) wifi_init: tcp mss: 1440[0m
[0;32mI (567) wifi_init: WiFi IRAM OP enabled[0m
[0;32mI (567) wifi_init: WiFi RX IRAM OP enabled[0m
[0;32mI (577) wifi: scanning...[0m

ESP_ERROR_CHECK failed: esp_err_t 0x3002 (ESP_ERR_WIFI_NOT_STARTED) at 0x400d9d68
file: "./main/wifi.c" line 24
func: scanner
expression: esp_wifi_scan_start(NULL, true)

abort() was called at PC 0x4008928f on core 0


Backtrace: 0x40089335:0x3ffbaa50 0x400892fd:0x3ffbaa70 0x40088f81:0x3ffbaa90 0x4008928f:0x3ffbab00 0x400d9d68:0x3ffbab30 0x400d9df7:0x3ffbac00 0x400d450a:0x3ffbac20 0x4014e9b2:0x3ffbac50




ELF file SHA256: 3121aba67

Rebooting...
ets Jun  8 2016 00:22:57

rst:0xc (SW_CPU_RESET),boot:0x13 (SPI_FAST_FLASH_BOOT)
configsip: 0, SPIWP:0xee
clk_drv:0x00,q_drv:0x00,d_drv:0x00,cs0_drv:0x00,hd_drv:0x00,wp_drv:0x00
mode:DIO, clock div:2
load:0x3fff0040,len:6272
load:0x40078000,len:15848
load:0x40080400,len:3920
entry 0x40080644
[0;32mI (27) boot: ESP-IDF v6.0 2nd stage bootloader[0m
[0;32mI (27) boot: compile time Mar 27 2026 14:17:24[0m
[0;32mI (27) boot: Multicore bootloader[0m
[0;32mI (28) boot: chip revision: v1.0[0m
[0;32mI (31) boot.esp32: SPI Speed      : 40MHz[0m
[0;32mI (35) boot.esp32: SPI Mode       : DIO[0m
[0;32mI (38) boot.esp32: SPI Flash Size : 2MB[0m
[0;32mI (42) boot: Enabling RNG early entropy source...[0m
[0;32mI (47) boot: Partition Table:[0m
[0;32mI (49) boot: ## Label            Usage          Type ST Offset   Length[0m
[0;32mI (55) boot:  0 nvs              WiFi data        01 02 00009000 00006000[0m
[0;32mI (62) boot:  1 phy_init         RF data          01 01 0000f000 00001000[0m
[0;32mI (68) boot:  2 factory          factory app      00 00 00010000 00100000[0m
[0;32mI (75) boot: End of partition table[0m
[0;32mI (78) esp_image: segment 0: paddr=00010020 vaddr=3f400020 size=19454h (103508) map[0m
[0;32mI (123) esp_image: segment 1: paddr=0002947c vaddr=3ffb0000 size=044f0h ( 17648) load[0m
[0;32mI (130) esp_image: segment 2: paddr=0002d974 vaddr=40080000 size=026a4h (  9892) load[0m
[0;32mI (134) esp_image: segment 3: paddr=00030020 vaddr=400d0020 size=828fch (534780) map[0m
[0;32mI (325) esp_image: segment 4: paddr=000b2924 vaddr=400826a4 size=12b58h ( 76632) load[0m
[0;32mI (356) esp_image: segment 5: paddr=000c5484 vaddr=50000000 size=00028h (    40) load[0m
[0;32mI (367) boot: Loaded app from partition at offset 0x10000[0m
[0;32mI (367) boot: Disabling RNG early entropy source...[0m
[0;32mI (378) cpu_start: Multicore app[0m
[0;32mI (386) cpu_start: GPIO 3 and 1 are used as console UART I/O pins[0m
[0;32mI (386) cpu_start: Pro cpu start user code[0m
[0;32mI (386) cpu_start: cpu freq: 160000000 Hz[0m
[0;32mI (388) app_init: Application information:[0m
[0;32mI (392) app_init: Project name:     wifi[0m
[0;32mI (396) app_init: App version:      1[0m
[0;32mI (399) app_init: Compile time:     Mar 27 2026 14:17:17[0m
[0;32mI (404) app_init: ELF file SHA256:  3121aba67...[0m
[0;32mI (408) app_init: ESP-IDF:          v6.0[0m
[0;32mI (412) efuse_init: Min chip rev:     v0.0[0m
[0;32mI (416) efuse_init: Max chip rev:     v3.99 [0m
[0;32mI (420) efuse_init: Chip rev:         v1.0[0m
[0;32mI (424) heap_init: Initializing. RAM available for dynamic allocation:[0m
[0;32mI (430) heap_init: At 3FFAE6E0 len 00001920 (6 KiB): DRAM[0m
[0;32mI (435) heap_init: At 3FFB8930 len 000276D0 (157 KiB): DRAM[0m
[0;32mI (440) heap_init: At 3FFE0440 len 00003AE0 (14 KiB): D/IRAM[0m
[0;32mI (446) heap_init: At 3FFE4350 len 0001BCB0 (111 KiB): D/IRAM[0m
[0;32mI (451) heap_init: At 400951FC len 0000AE04 (43 KiB): IRAM[0m
[0;32mI (458) spi_flash: detected chip: generic[0m
[0;32mI (460) spi_flash: flash io: dio[0m
[0;33mW (463) spi_flash: Detected size(4096k) larger than the size in the binary image header(2048k). Using the size in the binary image header.[0m
[0;32mI (477) main_task: Started on CPU0[0m
[0;32mI (487) main_task: Calling app_main()[0m
[0;32mI (507) wifi:wifi driver task: 3ffc02a8, prio:23, stack:6656, core=0[0m
[0;32mI (507) wifi:wifi firmware version: 44738b4[0m
[0;32mI (507) wifi:wifi certification version: v7.0[0m
[0;32mI (507) wifi:config NVS flash: enabled[0m
[0;32mI (507) wifi:config nano formatting: disabled[0m
[0;32mI (517) wifi:Init data frame dynamic rx buffer num: 32[0m
[0;32mI (517) wifi:Init static rx mgmt buffer num: 5[0m
[0;32mI (527) wifi:Init management short buffer num: 32[0m
[0;32mI (527) wifi:Init dynamic tx buffer num: 32[0m
[0;32mI (527) wifi:Init static rx buffer size: 1600[0m
[0;32mI (537) wifi:Init static rx buffer num: 10[0m
[0;32mI (537) wifi:Init dynamic rx buffer num: 32[0m
[0;32mI (547) wifi_init: rx ba win: 6[0m
[0;32mI (547) wifi_init: accept mbox: 6[0m
[0;32mI (547) wifi_init: tcpip mbox: 32[0m
[0;32mI (547) wifi_init: udp mbox: 6[0m
[0;32mI (557) wifi_init: tcp mbox: 6[0m
[0;32mI (557) wifi_init: tcp tx win: 5760[0m
[0;32mI (557) wifi_init: tcp rx win: 5760[0m
[0;32mI (567) wifi_init: tcp mss: 1440[0m
[0;32mI (567) wifi_init: WiFi IRAM OP enabled[0m
[0;32mI (567) wifi_init: WiFi RX IRAM OP enabled[0m
[0;32mI (577) wifi: scanning...[0m

ESP_ERROR_CHECK failed: esp_err_t 0x3002 (ESP_ERR_WIFI_NOT_STARTED) at 0x400d9d68
file: "./main/wifi.c" line 24
func: scanner
expression: esp_wifi_scan_start(NULL, true)

abort() was called at PC 0x4008928f on core 0


Backtrace: 0x40089335:0x3ffbaa50 0x400892fd:0x3ffbaa70 0x40088f81:0x3ffbaa90 0x4008928f:0x3ffbab00 0x400d9d68:0x3ffbab30 0x400d9df7:0x3ffbac00 0x400d450a:0x3ffbac20 0x4014e9b2:0x3ffbac50




ELF file SHA256: 3121aba67

Rebooting...
ets Jun  8 2016 00:22:57

rst:0xc (SW_CPU_RESET),boot:0x13 (SPI_FAST_FLASH_BOOT)
configsip: 0, SPIWP:0xee
clk_drv:0x00,q_drv:0x00,d_drv:0x00,cs0_drv:0x00,hd_drv:0x00,wp_drv:0x00
mode:DIO, clock div:2
load:0x3fff0040,len:6272
load:0x40078000,len:15848
load:0x40080400,len:3920
entry 0x40080644
[0;32mI (27) boot: ESP-IDF v6.0 2nd stage bootloader[0m
[0;32mI (27) boot: compile time Mar 27 2026 14:17:24[0m
[0;32mI (27) boot: Multicore bootloader[0m
[0;32mI (28) boot: chip revision: v1.0[0m
[0;32mI (31) boot.esp32: SPI Speed      : 40MHz[0m
[0;32mI (35) boot.esp32: SPI Mode       : DIO[0m
[0;32mI (38) boot.esp32: SPI Flash Size : 2MB[0m
[0;32mI (42) boot: Enabling RNG early entropy source...[0m
[0;32mI (46) boot: Partition Table:[0m
[0;32mI (49) boot: ## Label            Usage          Type ST Offset   Length[0m
[0;32mI (55) boot:  0 nvs              WiFi data        01 02 00009000 00006000[0m
[0;32mI (62) boot:  1 phy_init         RF data          01 01 0000f000 00001000[0m
[0;32mI (68) boot:  2 factory          factory app      00 00 00010000 00100000[0m
[0;32mI (75) boot: End of partition table[0m
[0;32mI (78) esp_image: segment 0: paddr=00010020 vaddr=3f400020 size=19454h (103508) map[0m
[0;32mI (123) esp_image: segment 1: paddr=0002947c vaddr=3ffb0000 size=044f0h ( 17648) load[0m
[0;32mI (130) esp_image: segment 2: paddr=0002d974 vaddr=40080000 size=026a4h (  9892) load[0m
[0;32mI (134) esp_image: segment 3: paddr=00030020 vaddr=400d0020 size=828fch (534780) map[0m
[0;32mI (325) esp_image: segment 4: paddr=000b2924 vaddr=400826a4 size=12b58h ( 76632) load[0m
[0;32mI (356) esp_image: segment 5: paddr=000c5484 vaddr=50000000 size=00028h (    40) load[0m
[0;32mI (367) boot: Loaded app from partition at offset 0x10000[0m
[0;32mI (367) boot: Disabling RNG early entropy source...[0m
[0;32mI (378) cpu_start: Multicore app[0m
[0;32mI (386) cpu_start: GPIO 3 and 1 are used as console UART I/O pins[0m
[0;32mI (386) cpu_start: Pro cpu start user code[0m
[0;32mI (386) cpu_start: cpu freq: 160000000 Hz[0m
[0;32mI (388) app_init: Application information:[0m
[0;32mI (392) app_init: Project name:     wifi[0m
[0;32mI (396) app_init: App version:      1[0m
[0;32mI (399) app_init: Compile time:     Mar 27 2026 14:17:17[0m
[0;32mI (404) app_init: ELF file SHA256:  3121aba67...[0m
[0;32mI (408) app_init: ESP-IDF:          v6.0[0m
[0;32mI (412) efuse_init: Min chip rev:     v0.0[0m
[0;32mI (416) efuse_init: Max chip rev:     v3.99 [0m
[0;32mI (420) efuse_init: Chip rev:         v1.0[0m
[0;32mI (424) heap_init: Initializing. RAM available for dynamic allocation:[0m
[0;32mI (430) heap_init: At 3FFAE6E0 len 00001920 (6 KiB): DRAM[0m
[0;32mI (435) heap_init: At 3FFB8930 len 000276D0 (157 KiB): DRAM[0m
[0;32mI (440) heap_init: At 3FFE0440 len 00003AE0 (14 KiB): D/IRAM[0m
[0;32mI (446) heap_init: At 3FFE4350 len 0001BCB0 (111 KiB): D/IRAM[0m
[0;32mI (451) heap_init: At 400951FC len 0000AE04 (43 KiB): IRAM[0m
[0;32mI (458) spi_flash: detected chip: generic[0m
[0;32mI (460) spi_flash: flash io: dio[0m
[0;33mW (463) spi_flash: Detected size(4096k) larger than the size in the binary image header(2048k). Using the size in the binary image header.[0m
[0;32mI (477) main_task: Started on CPU0[0m
[0;32mI (487) main_task: Calling app_main()[0m
[0;32mI (507) wifi:wifi driver task: 3ffc02a8, prio:23, stack:6656, core=0[0m
[0;32mI (507) wifi:wifi firmware version: 44738b4[0m
[0;32mI (507) wifi:wifi certification version: v7.0[0m
[0;32mI (507) wifi:config NVS flash: enabled[0m
[0;32mI (507) wifi:config nano formatting: disabled[0m
[0;32mI (517) wifi:Init data frame dynamic rx buffer num: 32[0m
[0;32mI (517) wifi:Init static rx mgmt buffer num: 5[0m
[0;32mI (527) wifi:Init management short buffer num: 32[0m
[0;32mI (527) wifi:Init dynamic tx buffer num: 32[0m
[0;32mI (527) wifi:Init static rx buffer size: 1600[0m
[0;32mI (537) wifi:Init static rx buffer num: 10[0m
[0;32mI (537) wifi:Init dynamic rx buffer num: 32[0m
[0;32mI (547) wifi_init: rx ba win: 6[0m
[0;32mI (547) wifi_init: accept mbox: 6[0m
[0;32mI (547) wifi_init: tcpip mbox: 32[0m
[0;32mI (547) wifi_init: udp mbox: 6[0m
[0;32mI (557) wifi_init: tcp mbox: 6[0m
[0;32mI (557) wifi_init: tcp tx win: 5760[0m
[0;32mI (557) wifi_init: tcp rx win: 5760[0m
[0;32mI (567) wifi_init: tcp mss: 1440[0m
[0;32mI (567) wifi_init: WiFi IRAM OP enabled[0m
[0;32mI (567) wifi_init: WiFi RX IRAM OP enabled[0m
[0;32mI (577) wifi: scanning...[0m

ESP_ERROR_CHECK failed: esp_err_t 0x3002 (ESP_ERR_WIFI_NOT_STARTED) at 0x400d9d68
file: "./main/wifi.c" line 24
func: scanner
expression: esp_wifi_scan_start(NULL, true)

abort() was called at PC 0x4008928f on core 0


Backtrace: 0x40089335:0x3ffbaa50 0x400892fd:0x3ffbaa70 0x40088f81:0x3ffbaa90 0x4008928f:0x3ffbab00 0x400d9d68:0x3ffbab30 0x400d9df7:0x3ffbac00 0x400d450a:0x3ffbac20 0x4014e9b2:0x3ffbac50




ELF file SHA256: 3121aba67

Rebooting...
ets Jun  8 2016 00:22:57

rst:0xc (SW_CPU_RESET),boot:0x13 (SPI_FAST_FLASH_BOOT)
configsip: 0, SPIWP:0xee
clk_drv:0x00,q_drv:0x00,d_drv:0x00,cs0_drv:0x00,hd_drv:0x00,wp_drv:0x00
mode:DIO, clock div:2
load:0x3fff0040,len:6272
load:0x40078000,len:15848
load:0x40080400,len:3920
entry 0x40080644
[0;32mI (27) boot: ESP-IDF v6.0 2nd stage bootloader[0m
[0;32mI (27) boot: compile time Mar 27 2026 14:17:24[0m
[0;32mI (27) boot: Multicore bootloader[0m
[0;32mI (28) boot: chip revision: v1.0[0m
[0;32mI (31) boot.esp32: SPI Speed      : 40MHz[0m
[0;32mI (35) boot.esp32: SPI Mode       : DIO[0m
[0;32mI (38) boot.esp32: SPI Flash Size : 2MB[0m
[0;32mI (42) boot: Enabling RNG early entropy source...[0m
[0;32mI (46) boot: Partition Table:[0m
[0;32mI (49) boot: ## Label            Usage          Type ST Offset   Length[0m
[0;32mI (55) boot:  0 nvs              WiFi data        01 02 00009000 00006000[0m
[0;32mI (62) boot:  1 phy_init         RF data          01 01 0000f000 00001000[0m
[0;32mI (68) boot:  2 factory          factory app      00 00 00010000 00100000[0m
[0;32mI (75) boot: End of partition table[0m
[0;32mI (78) esp_image: segment 0: paddr=00010020 vaddr=3f400020 size=19454h (103508) map[0m
[0;32mI (123) esp_image: segment 1: paddr=0002947c vaddr=3ffb0000 size=044f0h ( 17648) load[0m
[0;32mI (130) esp_image: segment 2: paddr=0002d974 vaddr=40080000 size=026a4h (  9892) load[0m
[0;32mI (134) esp_image: segment 3: paddr=00030020 vaddr=400d0020 size=828fch (534780) map[0m
[0;32mI (325) esp_image: segment 4: paddr=000b2924 vaddr=400826a4 size=12b58h ( 76632) load[0m
[0;32mI (356) esp_image: segment 5: paddr=000c5484 vaddr=50000000 size=00028h (    40) load[0m
[0;32mI (367) boot: Loaded app from partition at offset 0x10000[0m
[0;32mI (367) boot: Disabling RNG early entropy source...[0m
[0;32mI (378) cpu_start: Multicore app[0m
[0;32mI (386) cpu_start: GPIO 3 and 1 are used as console UART I/O pins[0m
[0;32mI (386) cpu_start: Pro cpu start user code[0m
[0;32mI (386) cpu_start: cpu freq: 160000000 Hz[0m
[0;32mI (388) app_init: Application information:[0m
[0;32mI (392) app_init: Project name:     wifi[0m
[0;32mI (396) app_init: App version:      1[0m
[0;32mI (399) app_init: Compile time:     Mar 27 2026 14:17:17[0m
[0;32mI (404) app_init: ELF file SHA256:  3121aba67...[0m
[0;32mI (408) app_init: ESP-IDF:          v6.0[0m
[0;32mI (412) efuse_init: Min chip rev:     v0.0[0m
[0;32mI (416) efuse_init: Max chip rev:     v3.99 [0m
[0;32mI (420) efuse_init: Chip rev:         v1.0[0m
[0;32mI (424) heap_init: Initializing. RAM available for dynamic allocation:[0m
[0;32mI (430) heap_init: At 3FFAE6E0 len 00001920 (6 KiB): DRAM[0m
[0;32mI (435) heap_init: At 3FFB8930 len 000276D0 (157 KiB): DRAM[0m
[0;32mI (440) heap_init: At 3FFE0440 len 00003AE0 (14 KiB): D/IRAM[0m
[0;32mI (446) heap_init: At 3FFE4350 len 0001BCB0 (111 KiB): D/IRAM[0m
[0;32mI (451) heap_init: At 400951FC len 0000AE04 (43 KiB): IRAM[0m
[0;32mI (458) spi_flash: detected chip: generic[0m
[0;32mI (460) spi_flash: flash io: dio[0m
[0;33mW (463) spi_flash: Detected size(4096k) larger than the size in the binary image header(2048k). Using the size in the binary image header.[0m
[0;32mI (477) main_task: Started on CPU0[0m
[0;32mI (487) main_task: Calling app_main()[0m
[0;32mI (507) wifi:wifi driver task: 3ffc02a8, prio:23, stack:6656, core=0[0m
[0;32mI (507) wifi:wifi firmware version: 44738b4[0m
[0;32mI (507) wifi:wifi certification version: v7.0[0m
[0;32mI (507) wifi:config NVS flash: enabled[0m
[0;32mI (507) wifi:config nano formatting: disabled[0m
[0;32mI (517) wifi:Init data frame dynamic rx buffer num: 32[0m
[0;32mI (517) wifi:Init static rx mgmt buffer num: 5[0m
[0;32mI (527) wifi:Init management short buffer num: 32[0m
[0;32mI (527) wifi:Init dynamic tx buffer num: 32[0m
[0;32mI (527) wifi:Init static rx buffer size: 1600[0m
[0;32mI (537) wifi:Init static rx buffer num: 10[0m
[0;32mI (537) wifi:Init dynamic rx buffer num: 32[0m
[0;32mI (547) wifi_init: rx ba win: 6[0m
[0;32mI (547) wifi_init: accept mbox: 6[0m
[0;32mI (547) wifi_init: tcpip mbox: 32[0m
[0;32mI (547) wifi_init: udp mbox: 6[0m
[0;32mI (557) wifi_init: tcp mbox: 6[0m
[0;32mI (557) wifi_init: tcp tx win: 5760[0m
[0;32mI (557) wifi_init: tcp rx win: 5760[0m
[0;32mI (567) wifi_init: tcp mss: 1440[0m
[0;32mI (567) wifi_init: WiFi IRAM OP enabled[0m
[0;32mI (567) wifi_init: WiFi RX IRAM OP enabled[0m
[0;32mI (577) wifi: scanning...[0m

ESP_ERROR_CHECK failed: esp_err_t 0x3002 (ESP_ERR_WIFI_NOT_STARTED) at 0x400d9d68
file: "./main/wifi.c" line 24
func: scanner
expression: esp_wifi_scan_start(NULL, true)

abort() was called at PC 0x4008928f on core 0


Backtrace: 0x40089335:0x3ffbaa50 0x400892fd:0x3ffbaa70 0x40088f81:0x3ffbaa90 0x4008928f:0x3ffbab00 0x400d9d68:0x3ffbab30 0x400d9df7:0x3ffbac00 0x400d450a:0x3ffbac20 0x4014e9b2:0x3ffbac50




ELF file SHA256: 3121aba67

Rebooting...
ets Jun  8 2016 00:22:57

rst:0xc (SW_CPU_RESET),boot:0x13 (SPI_FAST_FLASH_BOOT)
configsip: 0, SPIWP:0xee
clk_drv:0x00,q_drv:0x00,d_drv:0x00,cs0_drv:0x00,hd_drv:0x00,wp_drv:0x00
mode:DIO, clock div:2
load:0x3fff0040,len:6272
load:0x40078000,len:15848
load:0x40080400,len:3920
entry 0x40080644
[0;32mI (27) boot: ESP-IDF v6.0 2nd stage bootloader[0m
[0;32mI (27) boot: compile time Mar 27 2026 14:17:24[0m
[0;32mI (27) boot: Multicore bootloader[0m
[0;32mI (28) boot: chip revision: v1.0[0m
[0;32mI (31) boot.esp32: SPI Speed      : 40MHz[0m
[0;32mI (35) boot.esp32: SPI Mode       : DIO[0m
[0;32mI (38) boot.esp32: SPI Flash Size : 2MB[0m
[0;32mI (42) boot: Enabling RNG early entropy source...[0m
[0;32mI (46) boot: Partition Table:[0m
[0;32mI (49) boot: ## Label            Usage          Type ST Offset   Length[0m
[0;32mI (55) boot:  0 nvs              WiFi data        01 02 00009000 00006000[0m
[0;32mI (62) boot:  1 phy_init         RF data          01 01 0000f000 00001000[0m
[0;32mI (68) boot:  2 factory          factory app      00 00 00010000 00100000[0m
[0;32mI (75) boot: End of partition table[0m
[0;32mI (78) esp_image: segment 0: paddr=00010020 vaddr=3f400020 size=19454h (103508) map[0m
[0;32mI (123) esp_image: segment 1: paddr=0002947c vaddr=3ffb0000 size=044f0h ( 17648) load[0m
[0;32mI (130) esp_image: segment 2: paddr=0002d974 vaddr=40080000 size=026a4h (  9892) load[0m
[0;32mI (134) esp_image: segment 3: paddr=00030020 vaddr=400d0020 size=828fch (534780) map[0m
[0;32mI (325) esp_image: segment 4: paddr=000b2924 vaddr=400826a4 size=12b58h ( 76632) load[0m
[0;32mI (356) esp_image: segment 5: paddr=000c5484 vaddr=50000000 size=00028h (    40) load[0m
[0;32mI (367) boot: Loaded app from partition at offset 0x10000[0m
[0;32mI (367) boot: Disabling RNG early entropy source...[0m
[0;32mI (378) cpu_start: Multicore app[0m
[0;32mI (386) cpu_start: GPIO 3 and 1 are used as console UART I/O pins[0m
[0;32mI (386) cpu_start: Pro cpu start user code[0m
[0;32mI (386) cpu_start: cpu freq: 160000000 Hz[0m
[0;32mI (388) app_init: Application information:[0m
[0;32mI (392) app_init: Project name:     wifi[0m
[0;32mI (396) app_init: App version:      1[0m
[0;32mI (399) app_init: Compile time:     Mar 27 2026 14:17:17[0m
[0;32mI (404) app_init: ELF file SHA256:  3121aba67...[0m
[0;32mI (408) app_init: ESP-IDF:          v6.0[0m
[0;32mI (412) efuse_init: Min chip rev:     v0.0[0m
[0;32mI (416) efuse_init: Max chip rev:     v3.99 [0m
[0;32mI (420) efuse_init: Chip rev:         v1.0[0m
[0;32mI (424) heap_init: Initializing. RAM available for dynamic allocation:[0m
[0;32mI (430) heap_init: At 3FFAE6E0 len 00001920 (6 KiB): DRAM[0m
[0;32mI (435) heap_init: At 3FFB8930 len 000276D0 (157 KiB): DRAM[0m
[0;32mI (440) heap_init: At 3FFE0440 len 00003AE0 (14 KiB): D/IRAM[0m
[0;32mI (446) heap_init: At 3FFE4350 len 0001BCB0 (111 KiB): D/IRAM[0m
[0;32mI (451) heap_init: At 400951FC len 0000AE04 (43 KiB): IRAM[0m
[0;32mI (458) spi_flash: detected chip: generic[0m
[0;32mI (460) spi_flash: flash io: dio[0m
[0;33mW (463) spi_flash: Detected size(4096k) larger than the size in the binary image header(2048k). Using the size in the binary image header.[0m
[0;32mI (477) main_task: Started on CPU0[0m
[0;32mI (487) main_task: Calling app_main()[0m
[0;32mI (507) wifi:wifi driver task: 3ffc02a8, prio:23, stack:6656, core=0[0m
[0;32mI (507) wifi:wifi firmware version: 44738b4[0m
[0;32mI (507) wifi:wifi certification version: v7.0[0m
[0;32mI (507) wifi:config NVS flash: enabled[0m
[0;32mI (507) wifi:config nano formatting: disabled[0m
[0;32mI (517) wifi:Init data frame dynamic rx buffer num: 32[0m
[0;32mI (517) wifi:Init static rx mgmt buffer num: 5[0m
[0;32mI (527) wifi:Init management short buffer num: 32[0m
[0;32mI (527) wifi:Init dynamic tx buffer num: 32[0m
[0;32mI (527) wifi:Init static rx buffer size: 1600[0m
[0;32mI (537) wifi:Init static rx buffer num: 10[0m
[0;32mI (537) wifi:Init dynamic rx buffer num: 32[0m
[0;32mI (547) wifi_init: rx ba win: 6[0m
[0;32mI (547) wifi_init: accept mbox: 6[0m
[0;32mI (547) wifi_init: tcpip mbox: 32[0m
[0;32mI (547) wifi_init: udp mbox: 6[0m
[0;32mI (557) wifi_init: tcp mbox: 6[0m
[0;32mI (557) wifi_init: tcp tx win: 5760[0m
[0;32mI (557) wifi_init: tcp rx win: 5760[0m
[0;32mI (567) wifi_init: tcp mss: 1440[0m
[0;32mI (567) wifi_init: WiFi IRAM OP enabled[0m
[0;32mI (567) wifi_init: WiFi RX IRAM OP enabled[0m
[0;32mI (577) wifi: scanning...[0m

ESP_ERROR_CHECK failed: esp_err_t 0x3002 (ESP_ERR_WIFI_NOT_STARTED) at 0x400d9d68
file: "./main/wifi.c" line 24
func: scanner
expression: esp_wifi_scan_start(NULL, true)

abort() was called at PC 0x4008928f on core 0


Backtrace: 0x40089335:0x3ffbaa50 0x400892fd:0x3ffbaa70 0x40088f81:0x3ffbaa90 0x4008928f:0x3ffbab00 0x400d9d68:0x3ffbab30 0x400d9df7:0x3ffbac00 0x400d450a:0x3ffbac20 0x4014e9b2:0x3ffbac50




ELF file SHA256: 3121aba67

Rebooting...
ets Jun  8 2016 00:22:57

rst:0xc (SW_CPU_RESET),boot:0x13 (SPI_FAST_FLASH_BOOT)
configsip: 0, SPIWP:0xee
clk_drv:0x00,q_drv:0x00,d_drv:0x00,cs0_drv:0x00,hd_drv:0x00,wp_drv:0x00
mode:DIO, clock div:2
load:0x3fff0040,len:6272
load:0x40078000,len:15848
load:0x40080400,len:3920
entry 0x40080644
[0;32mI (27) boot: ESP-IDF v6.0 2nd stage bootloader[0m
[0;32mI (27) boot: compile time Mar 27 2026 14:17:24[0m
[0;32mI (27) boot: Multicore bootloader[0m
[0;32mI (28) boot: chip revision: v1.0[0m
[0;32mI (31) boot.esp32: SPI Speed      : 40MHz[0m
[0;32mI (35) boot.esp32: SPI Mode       : DIO[0m
[0;32mI (38) boot.esp32: SPI Flash Size : 2MB[0m
[0;32mI (42) boot: Enabling RNG early entropy source...[0m
[0;32mI (47) boot: Partition Table:[0m
[0;32mI (49) boot: ## Label            Usage          Type ST Offset   Length[0m
[0;32mI (55) boot:  0 nvs              WiFi data        01 02 00009000 00006000[0m
[0;32mI (62) boot:  1 phy_init         RF data          01 01 0000f000 00001000[0m
[0;32mI (68) boot:  2 factory          factory app      00 00 00010000 00100000[0m
[0;32mI (75) boot: End of partition table[0m
[0;32mI (78) esp_image: segment 0: paddr=00010020 vaddr=3f400020 size=19454h (103508) map[0m
[0;32mI (123) esp_image: segment 1: paddr=0002947c vaddr=3ffb0000 size=044f0h ( 17648) load[0m
[0;32mI (130) esp_image: segment 2: paddr=0002d974 vaddr=40080000 size=026a4h (  9892) load[0m
[0;32mI (134) esp_image: segment 3: paddr=00030020 vaddr=400d0020 size=828fch (534780) map[0m
[0;32mI (325) esp_image: segment 4: paddr=000b2924 vaddr=400826a4 size=12b58h ( 76632) load[0m
[0;32mI (356) esp_image: segment 5: paddr=000c5484 vaddr=50000000 size=00028h (    40) load[0m
[0;32mI (367) boot: Loaded app from partition at offset 0x10000[0m
[0;32mI (367) boot: Disabling RNG early entropy source...[0m
[0;32mI (378) cpu_start: Multicore app[0m
[0;32mI (386) cpu_start: GPIO 3 and 1 are used as console UART I/O pins[0m
[0;32mI (386) cpu_start: Pro cpu start user code[0m
[0;32mI (386) cpu_start: cpu freq: 160000000 Hz[0m
[0;32mI (388) app_init: Application information:[0m
[0;32mI (392) app_init: Project name:     wifi[0m
[0;32mI (396) app_init: App version:      1[0m
[0;32mI (399) app_init: Compile time:     Mar 27 2026 14:17:17[0m
[0;32mI (404) app_init: ELF file SHA256:  3121aba67...[0m
[0;32mI (408) app_init: ESP-IDF:          v6.0[0m
[0;32mI (412) efuse_init: Min chip rev:     v0.0[0m
[0;32mI (416) efuse_init: Max chip rev:     v3.99 [0m
[0;32mI (420) efuse_init: Chip rev:         v1.0[0m
[0;32mI (424) heap_init: Initializing. RAM available for dynamic allocation:[0m
[0;32mI (430) heap_init: At 3FFAE6E0 len 00001920 (6 KiB): DRAM[0m
[0;32mI (435) heap_init: At 3FFB8930 len 000276D0 (157 KiB): DRAM[0m
[0;32mI (440) heap_init: At 3FFE0440 len 00003AE0 (14 KiB): D/IRAM[0m
[0;32mI (446) heap_init: At 3FFE4350 len 0001BCB0 (111 KiB): D/IRAM[0m
[0;32mI (451) heap_init: At 400951FC len 0000AE04 (43 KiB): IRAM[0m
[0;32mI (458) spi_flash: detected chip: generic[0m
[0;32mI (460) spi_flash: flash io: dio[0m
[0;33mW (463) spi_flash: Detected size(4096k) larger than the size in the binary image header(2048k). Using the size in the binary image header.[0m
[0;32mI (477) main_task: Started on CPU0[0m
[0;32mI (487) main_task: Calling app_main()[0m
[0;32mI (507) wifi:wifi driver task: 3ffc02a8, prio:23, stack:6656, core=0[0m
[0;32mI (507) wifi:wifi firmware version: 44738b4[0m
[0;32mI (507) wifi:wifi certification version: v7.0[0m
[0;32mI (507) wifi:config NVS flash: enabled[0m
[0;32mI (507) wifi:config nano formatting: disabled[0m
[0;32mI (517) wifi:Init data frame dynamic rx buffer num: 32[0m
[0;32mI (517) wifi:Init static rx mgmt buffer num: 5[0m
[0;32mI (527) wifi:Init management short buffer num: 32[0m
[0;32mI (527) wifi:Init dynamic tx buffer num: 32[0m
[0;32mI (527) wifi:Init static rx buffer size: 1600[0m
[0;32mI (537) wifi:Init static rx buffer num: 10[0m
[0;32mI (537) wifi:Init dynamic rx buffer num: 32[0m
[0;32mI (547) wifi_init: rx ba win: 6[0m
[0;32mI (547) wifi_init: accept mbox: 6[0m
[0;32mI (547) wifi_init: tcpip mbox: 32[0m
[0;32mI (547) wifi_init: udp mbox: 6[0m
[0;32mI (557) wifi_init: tcp mbox: 6[0m
[0;32mI (557) wifi_init: tcp tx win: 5760[0m
[0;32mI (557) wifi_init: tcp rx win: 5760[0m
[0;32mI (567) wifi_init: tcp mss: 1440[0m
[0;32mI (567) wifi_init: WiFi IRAM OP enabled[0m
[0;32mI (567) wifi_init: WiFi RX IRAM OP enabled[0m
[0;32mI (577) wifi: scanning...[0m

ESP_ERROR_CHECK failed: esp_err_t 0x3002 (ESP_ERR_WIFI_NOT_STARTED) at 0x400d9d68
file: "./main/wifi.c" line 24
func: scanner
expression: esp_wifi_scan_start(NULL, true)

abort() was called at PC 0x4008928f on core 0


Backtrace: 0x40089335:0x3ffbaa50 0x400892fd:0x3ffbaa70 0x40088f81:0x3ffbaa90 0x4008928f:0x3ffbab00 0x400d9d68:0x3ffbab30 0x400d9df7:0x3ffbac00 0x400d450a:0x3ffbac20 0x4014e9b2:0x3ffbac50




ELF file SHA256: 3121aba67

Rebooting...
ets Jun  8 2016 00:22:57

rst:0xc (SW_CPU_RESET),boot:0x13 (SPI_FAST_FLASH_BOOT)
configsip: 0, SPIWP:0xee
clk_drv:0x00,q_drv:0x00,d_drv:0x00,cs0_drv:0x00,hd_drv:0x00,wp_drv:0x00
mode:DIO, clock div:2
load:0x3fff0040,len:6272
load:0x40078000,len:15848
load:0x40080400,len:3920
entry 0x40080644
[0;32mI (27) boot: ESP-IDF v6.0 2nd stage bootloader[0m
[0;32mI (27) boot: compile time Mar 27 2026 14:17:24[0m
[0;32mI (27) boot: Multicore bootloader[0m
[0;32mI (28) boot: chip revision: v1.0[0m
[0;32mI (31) boot.esp32: SPI Speed      : 40MHz[0m
[0;32mI (35) boot.esp32: SPI Mode       : DIO[0m
[0;32mI (38) boot.esp32: SPI Flash Size : 2MB[0m
[0;32mI (42) boot: Enabling RNG early entropy source...[0m
[0;32mI (46) boot: Partition Table:[0m
[0;32mI (49) boot: ## Label            Usage          Type ST Offset   Length[0m
[0;32mI (55) boot:  0 nvs              WiFi data        01 02 00009000 00006000[0m
[0;32mI (62) boot:  1 phy_init         RF data          01 01 0000f000 00001000[0m
[0;32mI (68) boot:  2 factory          factory app      00 00 00010000 00100000[0m
[0;32mI (75) boot: End of partition table[0m
[0;32mI (78) esp_image: segment 0: paddr=00010020 vaddr=3f400020 size=19454h (103508) map[0m
[0;32mI (123) esp_image: segment 1: paddr=0002947c vaddr=3ffb0000 size=044f0h ( 17648) load[0m
[0;32mI (130) esp_image: segment 2: paddr=0002d974 vaddr=40080000 size=026a4h (  9892) load[0m
[0;32mI (134) esp_image: segment 3: paddr=00030020 vaddr=400d0020 size=828fch (534780) map[0m
[0;32mI (325) esp_image: segment 4: paddr=000b2924 vaddr=400826a4 size=12b58h ( 76632) load[0m
[0;32mI (356) esp_image: segment 5: paddr=000c5484 vaddr=50000000 size=00028h (    40) load[0m
[0;32mI (367) boot: Loaded app from partition at offset 0x10000[0m
[0;32mI (367) boot: Disabling RNG early entropy source...[0m
[0;32mI (378) cpu_start: Multicore app[0m
[0;32mI (386) cpu_start: GPIO 3 and 1 are used as console UART I/O pins[0m
[0;32mI (386) cpu_start: Pro cpu start user code[0m
[0;32mI (386) cpu_start: cpu freq: 160000000 Hz[0m
[0;32mI (388) app_init: Application information:[0m
[0;32mI (392) app_init: Project name:     wifi[0m
[0;32mI (396) app_init: App version:      1[0m
[0;32mI (399) app_init: Compile time:     Mar 27 2026 14:17:17[0m
[0;32mI (404) app_init: ELF file SHA256:  3121aba67...[0m
[0;32mI (408) app_init: ESP-IDF:          v6.0[0m
[0;32mI (412) efuse_init: Min chip rev:     v0.0[0m
[0;32mI (416) efuse_init: Max chip rev:     v3.99 [0m
[0;32mI (420) efuse_init: Chip rev:         v1.0[0m
[0;32mI (424) heap_init: Initializing. RAM available for dynamic allocation:[0m
[0;32mI (430) heap_init: At 3FFAE6E0 len 00001920 (6 KiB): DRAM[0m
[0;32mI (435) heap_init: At 3FFB8930 len 000276D0 (157 KiB): DRAM[0m
[0;32mI (440) heap_init: At 3FFE0440 len 00003AE0 (14 KiB): D/IRAM[0m
[0;32mI (446) heap_init: At 3FFE4350 len 0001BCB0 (111 KiB): D/IRAM[0m
[0;32mI (451) heap_init: At 400951FC len 0000AE04 (43 KiB): IRAM[0m
[0;32mI (458) spi_flash: detected chip: generic[0m
[0;32mI (460) spi_flash: flash io: dio[0m
[0;33mW (463) spi_flash: Detected size(4096k) larger than the size in the binary image header(2048k). Using the size in the binary image header.[0m
[0;32mI (477) main_task: Started on CPU0[0m
[0;32mI (487) main_task: Calling app_main()[0m
[0;32mI (507) wifi:wifi driver task: 3ffc02a8, prio:23, stack:6656, core=0[0m
[0;32mI (507) wifi:wifi firmware version: 44738b4[0m
[0;32mI (507) wifi:wifi certification version: v7.0[0m
[0;32mI (507) wifi:config NVS flash: enabled[0m
[0;32mI (507) wifi:config nano formatting: disabled[0m
[0;32mI (517) wifi:Init data frame dynamic rx buffer num: 32[0m
[0;32mI (517) wifi:Init static rx mgmt buffer num: 5[0m
[0;32mI (527) wifi:Init management short buffer num: 32[0m
[0;32mI (527) wifi:Init dynamic tx buffer num: 32[0m
[0;32mI (527) wifi:Init static rx buffer size: 1600[0m
[0;32mI (537) wifi:Init static rx buffer num: 10[0m
[0;32mI (537) wifi:Init dynamic rx buffer num: 32[0m
[0;32mI (547) wifi_init: rx ba win: 6[0m
[0;32mI (547) wifi_init: accept mbox: 6[0m
[0;32mI (547) wifi_init: tcpip mbox: 32[0m
[0;32mI (547) wifi_init: udp mbox: 6[0m
[0;32mI (557) wifi_init: tcp mbox: 6[0m
[0;32mI (557) wifi_init: tcp tx win: 5760[0m
[0;32mI (557) wifi_init: tcp rx win: 5760[0m
[0;32mI (567) wifi_init: tcp mss: 1440[0m
[0;32mI (567) wifi_init: WiFi IRAM OP enabled[0m
[0;32mI (567) wifi_init: WiFi RX IRAM OP enabled[0m
[0;32mI (577) wifi: scanning...[0m

ESP_ERROR_CHECK failed: esp_err_t 0x3002 (ESP_ERR_WIFI_NOT_STARTED) at 0x400d9d68
file: "./main/wifi.c" line 24
func: scanner
expression: esp_wifi_scan_start(NULL, true)

abort() was called at PC 0x4008928f on core 0


Backtrace: 0x40089335:0x3ffbaa50 0x400892fd:0x3ffbaa70 0x40088f81:0x3ffbaa90 0x4008928f:0x3ffbab00 0x400d9d68:0x3ffbab30 0x400d9df7:0x3ffbac00 0x400d450a:0x3ffbac20 0x4014e9b2:0x3ffbac50




ELF file SHA256: 3121aba67

Rebooting...
ets Jun  8 2016 00:22:57

rst:0xc (SW_CPU_RESET),boot:0x13 (SPI_FAST_FLASH_BOOT)
configsip: 0, SPIWP:0xee
clk_drv:0x00,q_drv:0x00,d_drv:0x00,cs0_drv:0x00,hd_drv:0x00,wp_drv:0x00
mode:DIO, clock div:2
load:0x3fff0040,len:6272
load:0x40078000,len:15848
load:0x40080400,len:3920
entry 0x40080644
[0;32mI (27) boot: ESP-IDF v6.0 2nd stage bootloader[0m
[0;32mI (27) boot: compile time Mar 27 2026 14:17:24[0m
[0;32mI (27) boot: Multicore bootloader[0m
[0;32mI (28) boot: chip revision: v1.0[0m
[0;32mI (31) boot.esp32: SPI Speed      : 40MHz[0m
[0;32mI (35) boot.esp32: SPI Mode       : DIO[0m
[0;32mI (38) boot.esp32: SPI Flash Size : 2MB[0m
[0;32mI (42) boot: Enabling RNG early entropy source...[0m
[0;32mI (46) boot: Partition Table:[0m
[0;32mI (49) boot: ## Label            Usage          Type ST Offset   Length[0m
[0;32mI (55) boot:  0 nvs              WiFi data        01 02 00009000 00006000[0m
[0;32mI (62) boot:  1 phy_init         RF data          01 01 0000f000 00001000[0m
[0;32mI (68) boot:  2 factory          factory app      00 00 00010000 00100000[0m
[0;32mI (75) boot: End of partition table[0m
[0;32mI (78) esp_image: segment 0: paddr=00010020 vaddr=3f400020 size=19454h (103508) map[0m
[0;32mI (123) esp_image: segment 1: paddr=0002947c vaddr=3ffb0000 size=044f0h ( 17648) load[0m
[0;32mI (130) esp_image: segment 2: paddr=0002d974 vaddr=40080000 size=026a4h (  9892) load[0m
[0;32mI (134) esp_image: segment 3: paddr=00030020 vaddr=400d0020 size=828fch (534780) map[0m
[0;32mI (325) esp_image: segment 4: paddr=000b2924 vaddr=400826a4 size=12b58h ( 76632) load[0m
[0;32mI (356) esp_image: segment 5: paddr=000c5484 vaddr=50000000 size=00028h (    40) load[0m
[0;32mI (367) boot: Loaded app from partition at offset 0x10000[0m
[0;32mI (367) boot: Disabling RNG early entropy source...[0m
[0;32mI (378) cpu_start: Multicore app[0m
[0;32mI (386) cpu_start: GPIO 3 and 1 are used as console UART I/O pins[0m
[0;32mI (386) cpu_start: Pro cpu start user code[0m
[0;32mI (386) cpu_start: cpu freq: 160000000 Hz[0m
[0;32mI (388) app_init: Application information:[0m
[0;32mI (392) app_init: Project name:     wifi[0m
[0;32mI (396) app_init: App version:      1[0m
[0;32mI (399) app_init: Compile time:     Mar 27 2026 14:17:17[0m
[0;32mI (404) app_init: ELF file SHA256:  3121aba67...[0m
[0;32mI (408) app_init: ESP-IDF:          v6.0[0m
[0;32mI (412) efuse_init: Min chip rev:     v0.0[0m
[0;32mI (416) efuse_init: Max chip rev:     v3.99 [0m
[0;32mI (420) efuse_init: Chip rev:         v1.0[0m
[0;32mI (424) heap_init: Initializing. RAM available for dynamic allocation:[0m
[0;32mI (430) heap_init: At 3FFAE6E0 len 00001920 (6 KiB): DRAM[0m
[0;32mI (435) heap_init: At 3FFB8930 len 000276D0 (157 KiB): DRAM[0m
[0;32mI (440) heap_init: At 3FFE0440 len 00003AE0 (14 KiB): D/IRAM[0m
[0;32mI (446) heap_init: At 3FFE4350 len 0001BCB0 (111 KiB): D/IRAM[0m
[0;32mI (451) heap_init: At 400951FC len 0000AE04 (43 KiB): IRAM[0m
[0;32mI (458) spi_flash: detected chip: generic[0m
[0;32mI (460) spi_flash: flash io: dio[0m
[0;33mW (463) spi_flash: Detected size(4096k) larger than the size in the binary image header(2048k). Using the size in the binary image header.[0m
[0;32mI (477) main_task: Started on CPU0[0m
[0;32mI (487) main_task: Calling app_main()[0m
[0;32mI (507) wifi:wifi driver task: 3ffc02a8, prio:23, stack:6656, core=0[0m
[0;32mI (507) wifi:wifi firmware version: 44738b4[0m
[0;32mI (507) wifi:wifi certification version: v7.0[0m
[0;32mI (507) wifi:config NVS flash: enabled[0m
[0;32mI (507) wifi:config nano formatting: disabled[0m
[0;32mI (517) wifi:Init data frame dynamic rx buffer num: 32[0m
[0;32mI (517) wifi:Init static rx mgmt buffer num: 5[0m
[0;32mI (527) wifi:Init management short buffer num: 32[0m
[0;32mI (527) wifi:Init dynamic tx buffer num: 32[0m
[0;32mI (527) wifi:Init static rx buffer size: 1600[0m
[0;32mI (537) wifi:Init static rx buffer num: 10[0m
[0;32mI (537) wifi:Init dynamic rx buffer num: 32[0m
[0;32mI (547) wifi_init: rx ba win: 6[0m
[0;32mI (547) wifi_init: accept mbox: 6[0m
[0;32mI (547) wifi_init: tcpip mbox: 32[0m
[0;32mI (547) wifi_init: udp mbox: 6[0m
[0;32mI (557) wifi_init: tcp mbox: 6[0m
[0;32mI (557) wifi_init: tcp tx win: 5760[0m
[0;32mI (557) wifi_init: tcp rx win: 5760[0m
[0;32mI (567) wifi_init: tcp mss: 1440[0m
[0;32mI (567) wifi_init: WiFi IRAM OP enabled[0m
[0;32mI (567) wifi_init: WiFi RX IRAM OP enabled[0m
[0;32mI (577) wifi: scanning...[0m

ESP_ERROR_CHECK failed: esp_err_t 0x3002 (ESP_ERR_WIFI_NOT_STARTED) at 0x400d9d68
file: "./main/wifi.c" line 24
func: scanner
expression: esp_wifi_scan_start(NULL, true)

abort() was called at PC 0x4008928f on core 0


Backtrace: 0x40089335:0x3ffbaa50 0x400892fd:0x3ffbaa70 0x40088f81:0x3ffbaa90 0x4008928f:0x3ffbab00 0x400d9d68:0x3ffbab30 0x400d9df7:0x3ffbac00 0x400d450a:0x3ffbac20 0x4014e9b2:0x3ffbac50




ELF file SHA256: 3121aba67

Rebooting...
ets Jun  8 2016 00:22:57

rst:0xc (SW_CPU_RESET),boot:0x13 (SPI_FAST_FLASH_BOOT)
configsip: 0, SPIWP:0xee
clk_drv:0x00,q_drv:0x00,d_drv:0x00,cs0_drv:0x00,hd_drv:0x00,wp_drv:0x00
mode:DIO, clock div:2
load:0x3fff0040,len:6272
load:0x40078000,len:15848
load:0x40080400,len:3920
entry 0x40080644
[0;32mI (27) boot: ESP-IDF v6.0 2nd stage bootloader[0m
[0;32mI (27) boot: compile time Mar 27 2026 14:17:24[0m
[0;32mI (27) boot: Multicore bootloader[0m
[0;32mI (28) boot: chip revision: v1.0[0m
[0;32mI (31) boot.esp32: SPI Speed      : 40MHz[0m
[0;32mI (35) boot.esp32: SPI Mode       : DIO[0m
[0;32mI (38) boot.esp32: SPI Flash Size : 2MB[0m
[0;32mI (42) boot: Enabling RNG early entropy source...[0m
[0;32mI (47) boot: Partition Table:[0m
[0;32mI (49) boot: ## Label            Usage          Type ST Offset   Length[0m
[0;32mI (55) boot:  0 nvs              WiFi data        01 02 00009000 00006000[0m
[0;32mI (62) boot:  1 phy_init         RF data          01 01 0000f000 00001000[0m
[0;32mI (68) boot:  2 factory          factory app      00 00 00010000 00100000[0m
[0;32mI (75) boot: End of partition table[0m
[0;32mI (78) esp_image: segment 0: paddr=00010020 vaddr=3f400020 size=19454h (103508) map[0m
[0;32mI (123) esp_image: segment 1: paddr=0002947c vaddr=3ffb0000 size=044f0h ( 17648) load[0m
[0;32mI (130) esp_image: segment 2: paddr=0002d974 vaddr=40080000 size=026a4h (  9892) load[0m
[0;32mI (134) esp_image: segment 3: paddr=00030020 vaddr=400d0020 size=828fch (534780) map[0m
[0;32mI (325) esp_image: segment 4: paddr=000b2924 vaddr=400826a4 size=12b58h ( 76632) load[0m
[0;32mI (356) esp_image: segment 5: paddr=000c5484 vaddr=50000000 size=00028h (    40) load[0m
[0;32mI (367) boot: Loaded app from partition at offset 0x10000[0m
[0;32mI (367) boot: Disabling RNG early entropy source...[0m
[0;32mI (378) cpu_start: Multicore app[0m
[0;32mI (386) cpu_start: GPIO 3 and 1 are used as console UART I/O pins[0m
[0;32mI (386) cpu_start: Pro cpu start user code[0m
[0;32mI (386) cpu_start: cpu freq: 160000000 Hz[0m
[0;32mI (388) app_init: Application information:[0m
[0;32mI (392) app_init: Project name:     wifi[0m
[0;32mI (396) app_init: App version:      1[0m
[0;32mI (399) app_init: Compile time:     Mar 27 2026 14:17:17[0m
[0;32mI (404) app_init: ELF file SHA256:  3121aba67...[0m
[0;32mI (408) app_init: ESP-IDF:          v6.0[0m
[0;32mI (412) efuse_init: Min chip rev:     v0.0[0m
[0;32mI (416) efuse_init: Max chip rev:     v3.99 [0m
[0;32mI (420) efuse_init: Chip rev:         v1.0[0m
[0;32mI (424) heap_init: Initializing. RAM available for dynamic allocation:[0m
[0;32mI (430) heap_init: At 3FFAE6E0 len 00001920 (6 KiB): DRAM[0m
[0;32mI (435) heap_init: At 3FFB8930 len 000276D0 (157 KiB): DRAM[0m
[0;32mI (440) heap_init: At 3FFE0440 len 00003AE0 (14 KiB): D/IRAM[0m
[0;32mI (446) heap_init: At 3FFE4350 len 0001BCB0 (111 KiB): D/IRAM[0m
[0;32mI (451) heap_init: At 400951FC len 0000AE04 (43 KiB): IRAM[0m
[0;32mI (458) spi_flash: detected chip: generic[0m
[0;32mI (460) spi_flash: flash io: dio[0m
[0;33mW (463) spi_flash: Detected size(4096k) larger than the size in the binary image header(2048k). Using the size in the binary image header.[0m
[0;32mI (477) main_task: Started on CPU0[0m
[0;32mI (487) main_task: Calling app_main()[0m
[0;32mI (507) wifi:wifi driver task: 3ffc02a8, prio:23, stack:6656, core=0[0m
[0;32mI (507) wifi:wifi firmware version: 44738b4[0m
[0;32mI (507) wifi:wifi certification version: v7.0[0m
[0;32mI (507) wifi:config NVS flash: enabled[0m
[0;32mI (507) wifi:config nano formatting: disabled[0m
[0;32mI (517) wifi:Init data frame dynamic rx buffer num: 32[0m
[0;32mI (517) wifi:Init static rx mgmt buffer num: 5[0m
[0;32mI (527) wifi:Init management short buffer num: 32[0m
[0;32mI (527) wifi:Init dynamic tx buffer num: 32[0m
[0;32mI (527) wifi:Init static rx buffer size: 1600[0m
[0;32mI (537) wifi:Init static rx buffer num: 10[0m
[0;32mI (537) wifi:Init dynamic rx buffer num: 32[0m
[0;32mI (547) wifi_init: rx ba win: 6[0m
[0;32mI (547) wifi_init: accept mbox: 6[0m
[0;32mI (547) wifi_init: tcpip mbox: 32[0m
[0;32mI (547) wifi_init: udp mbox: 6[0m
[0;32mI (557) wifi_init: tcp mbox: 6[0m
[0;32mI (557) wifi_init: tcp tx win: 5760[0m
[0;32mI (557) wifi_init: tcp rx win: 5760[0m
[0;32mI (567) wifi_init: tcp mss: 1440[0m
[0;32mI (567) wifi_init: WiFi IRAM OP enabled[0m
[0;32mI (567) wifi_init: WiFi RX IRAM OP enabled[0m
[0;32mI (577) wifi: scanning...[0m

ESP_ERROR_CHECK failed: esp_err_t 0x3002 (ESP_ERR_WIFI_NOT_STARTED) at 0x400d9d68
file: "./main/wifi.c" line 24
func: scanner
expression: esp_wifi_scan_start(NULL, true)

abort() was called at PC 0x4008928f on core 0


Backtrace: 0x40089335:0x3ffbaa50 0x400892fd:0x3ffbaa70 0x40088f81:0x3ffbaa90 0x4008928f:0x3ffbab00 0x400d9d68:0x3ffbab30 0x400d9df7:0x3ffbac00 0x400d450a:0x3ffbac20 0x4014e9b2:0x3ffbac50




ELF file SHA256: 3121aba67

Rebooting...
ets Jun  8 2016 00:22:57

rst:0xc (SW_CPU_RESET),boot:0x13 (SPI_FAST_FLASH_BOOT)
configsip: 0, SPIWP:0xee
clk_drv:0x00,q_drv:0x00,d_drv:0x00,cs0_drv:0x00,hd_drv:0x00,wp_drv:0x00
mode:DIO, clock div:2
load:0x3fff0040,len:6272
load:0x40078000,len:15848
load:0x40080400,len:3920
entry 0x40080644
[0;32mI (27) boot: ESP-IDF v6.0 2nd stage bootloader[0m
[0;32mI (27) boot: compile time Mar 27 2026 14:17:24[0m
[0;32mI (27) boot: Multicore bootloader[0m
[0;32mI (28) boot: chip revision: v1.0[0m
[0;32mI (31) boot.esp32: SPI Speed      : 40MHz[0m
[0;32mI (35) boot.esp32: SPI Mode       : DIO[0m
[0;32mI (38) boot.esp32: SPI Flash Size : 2MB[0m
[0;32mI (42) boot: Enabling RNG early entropy source...[0m
[0;32mI (46) boot: Partition Table:[0m
[0;32mI (49) boot: ## Label            Usage          Type ST Offset   Length[0m
[0;32mI (55) boot:  0 nvs              WiFi data        01 02 00009000 00006000[0m
[0;32mI (62) boot:  1 phy_init         RF data          01 01 0000f000 00001000[0m
[0;32mI (68) boot:  2 factory          factory app      00 00 00010000 00100000[0m
[0;32mI (75) boot: End of partition table[0m
[0;32mI (78) esp_image: segment 0: paddr=00010020 vaddr=3f400020 size=19454h (103508) map[0m
[0;32mI (123) esp_image: segment 1: paddr=0002947c vaddr=3ffb0000 size=044f0h ( 17648) load[0m
[0;32mI (130) esp_image: segment 2: paddr=0002d974 vaddr=40080000 size=026a4h (  9892) load[0m
[0;32mI (134) esp_image: segment 3: paddr=00030020 vaddr=400d0020 size=828fch (534780) map[0m
[0;32mI (325) esp_image: segment 4: paddr=000b2924 vaddr=400826a4 size=12b58h ( 76632) load[0m
[0;32mI (356) esp_image: segment 5: paddr=000c5484 vaddr=50000000 size=00028h (    40) load[0m
[0;32mI (367) boot: Loaded app from partition at offset 0x10000[0m
[0;32mI (367) boot: Disabling RNG early entropy source...[0m
[0;32mI (378) cpu_start: Multicore app[0m
[0;32mI (386) cpu_start: GPIO 3 and 1 are used as console UART I/O pins[0m
[0;32mI (386) cpu_start: Pro cpu start user code[0m
[0;32mI (386) cpu_start: cpu freq: 160000000 Hz[0m
[0;32mI (388) app_init: Application information:[0m
[0;32mI (392) app_init: Project name:     wifi[0m
[0;32mI (396) app_init: App version:      1[0m
[0;32mI (399) app_init: Compile time:     Mar 27 2026 14:17:17[0m
[0;32mI (404) app_init: ELF file SHA256:  3121aba67...[0m
[0;32mI (408) app_init: ESP-IDF:          v6.0[0m
[0;32mI (412) efuse_init: Min chip rev:     v0.0[0m
[0;32mI (416) efuse_init: Max chip rev:     v3.99 [0m
[0;32mI (420) efuse_init: Chip rev:         v1.0[0m
[0;32mI (424) heap_init: Initializing. RAM available for dynamic allocation:[0m
[0;32mI (430) heap_init: At 3FFAE6E0 len 00001920 (6 KiB): DRAM[0m
[0;32mI (435) heap_init: At 3FFB8930 len 000276D0 (157 KiB): DRAM[0m
[0;32mI (440) heap_init: At 3FFE0440 len 00003AE0 (14 KiB): D/IRAM[0m
[0;32mI (446) heap_init: At 3FFE4350 len 0001BCB0 (111 KiB): D/IRAM[0m
[0;32mI (451) heap_init: At 400951FC len 0000AE04 (43 KiB): IRAM[0m
[0;32mI (458) spi_flash: detected chip: generic[0m
[0;32mI (460) spi_flash: flash io: dio[0m
[0;33mW (463) spi_flash: Detected size(4096k) larger than the size in the binary image header(2048k). Using the size in the binary image header.[0m
[0;32mI (477) main_task: Started on CPU0[0m
[0;32mI (487) main_task: Calling app_main()[0m
[0;32mI (507) wifi:wifi driver task: 3ffc02a8, prio:23, stack:6656, core=0[0m
[0;32mI (507) wifi:wifi firmware version: 44738b4[0m
[0;32mI (507) wifi:wifi certification version: v7.0[0m
[0;32mI (507) wifi:config NVS flash: enabled[0m
[0;32mI (507) wifi:config nano formatting: disabled[0m
[0;32mI (517) wifi:Init data frame dynamic rx buffer num: 32[0m
[0;32mI (517) wifi:Init static rx mgmt buffer num: 5[0m
[0;32mI (527) wifi:Init management short buffer num: 32[0m
[0;32mI (527) wifi:Init dynamic tx buffer num: 32[0m
[0;32mI (527) wifi:Init static rx buffer size: 1600[0m
[0;32mI (537) wifi:Init static rx buffer num: 10[0m
[0;32mI (537) wifi:Init dynamic rx buffer num: 32[0m
[0;32mI (547) wifi_init: rx ba win: 6[0m
[0;32mI (547) wifi_init: accept mbox: 6[0m
[0;32mI (547) wifi_init: tcpip mbox: 32[0m
[0;32mI (547) wifi_init: udp mbox: 6[0m
[0;32mI (557) wifi_init: tcp mbox: 6[0m
[0;32mI (557) wifi_init: tcp tx win: 5760[0m
[0;32mI (557) wifi_init: tcp rx win: 5760[0m
[0;32mI (567) wifi_init: tcp mss: 1440[0m
[0;32mI (567) wifi_init: WiFi IRAM OP enabled[0m
[0;32mI (567) wifi_init: WiFi RX IRAM OP enabled[0m
[0;32mI (577) wifi: scanning...[0m

ESP_ERROR_CHECK failed: esp_err_t 0x3002 (ESP_ERR_WIFI_NOT_STARTED) at 0x400d9d68
file: "./main/wifi.c" line 24
func: scanner
expression: esp_wifi_scan_start(NULL, true)

abort() was called at PC 0x4008928f on core 0


Backtrace: 0x40089335:0x3ffbaa50 0x400892fd:0x3ffbaa70 0x40088f81:0x3ffbaa90 0x4008928f:0x3ffbab00 0x400d9d68:0x3ffbab30 0x400d9df7:0x3ffbac00 0x400d450a:0x3ffbac20 0x4014e9b2:0x3ffbac50




ELF file SHA256: 3121aba67

Rebooting...
ets Jun  8 2016 00:22:57

rst:0xc (SW_CPU_RESET),boot:0x13 (SPI_FAST_FLASH_BOOT)
configsip: 0, SPIWP:0xee
clk_drv:0x00,q_drv:0x00,d_drv:0x00,cs0_drv:0x00,hd_drv:0x00,wp_drv:0x00
mode:DIO, clock div:2
load:0x3fff0040,len:6272
load:0x40078000,len:15848
load:0x40080400,len:3920
entry 0x40080644
[0;32mI (27) boot: ESP-IDF v6.0 2nd stage bootloader[0m
[0;32mI (27) boot: compile time Mar 27 2026 14:17:24[0m
[0;32mI (27) boot: Multicore bootloader[0m
[0;32mI (28) boot: chip revision: v1.0[0m
[0;32mI (31) boot.esp32: SPI Speed      : 40MHz[0m
[0;32mI (35) boot.esp32: SPI Mode       : DIO[0m
[0;32mI (38) boot.esp32: SPI Flash Size : 2MB[0m
[0;32mI (42) boot: Enabling RNG early entropy source...[0m
[0;32mI (47) boot: Partition Table:[0m
[0;32mI (49) boot: ## Label            Usage          Type ST Offset   Length[0m
[0;32mI (55) boot:  0 nvs              WiFi data        01 02 00009000 00006000[0m
[0;32mI (62) boot:  1 phy_init         RF data          01 01 0000f000 00001000[0m
[0;32mI (68) boot:  2 factory          factory app      00 00 00010000 00100000[0m
[0;32mI (75) boot: End of partition table[0m
[0;32mI (78) esp_image: segment 0: paddr=00010020 vaddr=3f400020 size=19454h (103508) map[0m
[0;32mI (123) esp_image: segment 1: paddr=0002947c vaddr=3ffb0000 size=044f0h ( 17648) load[0m
[0;32mI (130) esp_image: segment 2: paddr=0002d974 vaddr=40080000 size=026a4h (  9892) load[0m
[0;32mI (134) esp_image: segment 3: paddr=00030020 vaddr=400d0020 size=828fch (534780) map[0m
[0;32mI (325) esp_image: segment 4: paddr=000b2924 vaddr=400826a4 size=12b58h ( 76632) load[0m
[0;32mI (356) esp_image: segment 5: paddr=000c5484 vaddr=50000000 size=00028h (    40) load[0m
[0;32mI (367) boot: Loaded app from partition at offset 0x10000[0m
[0;32mI (367) boot: Disabling RNG early entropy source...[0m
[0;32mI (378) cpu_start: Multicore app[0m
[0;32mI (386) cpu_start: GPIO 3 and 1 are used as console UART I/O pins[0m
[0;32mI (386) cpu_start: Pro cpu start user code[0m
[0;32mI (386) cpu_start: cpu freq: 160000000 Hz[0m
[0;32mI (388) app_init: Application information:[0m
[0;32mI (392) app_init: Project name:     wifi[0m
[0;32mI (396) app_init: App version:      1[0m
[0;32mI (399) app_init: Compile time:     Mar 27 2026 14:17:17[0m
[0;32mI (404) app_init: ELF file SHA256:  3121aba67...[0m
[0;32mI (408) app_init: ESP-IDF:          v6.0[0m
[0;32mI (412) efuse_init: Min chip rev:     v0.0[0m
[0;32mI (416) efuse_init: Max chip rev:     v3.99 [0m
[0;32mI (420) efuse_init: Chip rev:         v1.0[0m
[0;32mI (424) heap_init: Initializing. RAM available for dynamic allocation:[0m
[0;32mI (430) heap_init: At 3FFAE6E0 len 00001920 (6 KiB): DRAM[0m
[0;32mI (435) heap_init: At 3FFB8930 len 000276D0 (157 KiB): DRAM[0m
[0;32mI (440) heap_init: At 3FFE0440 len 00003AE0 (14 KiB): D/IRAM[0m
[0;32mI (446) heap_init: At 3FFE4350 len 0001BCB0 (111 KiB): D/IRAM[0m
[0;32mI (451) heap_init: At 400951FC len 0000AE04 (43 KiB): IRAM[0m
[0;32mI (458) spi_flash: detected chip: generic[0m
[0;32mI (460) spi_flash: flash io: dio[0m
[0;33mW (463) spi_flash: Detected size(4096k) larger than the size in the binary image header(2048k). Using the size in the binary image header.[0m
[0;32mI (477) main_task: Started on CPU0[0m
[0;32mI (487) main_task: Calling app_main()[0m
[0;32mI (507) wifi:wifi driver task: 3ffc02a8, prio:23, stack:6656, core=0[0m
[0;32mI (507) wifi:wifi firmware version: 44738b4[0m
[0;32mI (507) wifi:wifi certification version: v7.0[0m
[0;32mI (507) wifi:config NVS flash: enabled[0m
[0;32mI (507) wifi:config nano formatting: disabled[0m
[0;32mI (517) wifi:Init data frame dynamic rx buffer num: 32[0m
[0;32mI (517) wifi:Init static rx mgmt buffer num: 5[0m
[0;32mI (527) wifi:Init management short buffer num: 32[0m
[0;32mI (527) wifi:Init dynamic tx buffer num: 32[0m
[0;32mI (527) wifi:Init static rx buffer size: 1600[0m
[0;32mI (537) wifi:Init static rx buffer num: 10[0m
[0;32mI (537) wifi:Init dynamic rx buffer num: 32[0m
[0;32mI (547) wifi_init: rx ba win: 6[0m
[0;32mI (547) wifi_init: accept mbox: 6[0m
[0;32mI (547) wifi_init: tcpip mbox: 32[0m
[0;32mI (547) wifi_init: udp mbox: 6[0m
[0;32mI (557) wifi_init: tcp mbox: 6[0m
[0;32mI (557) wifi_init: tcp tx win: 5760[0m
[0;32mI (557) wifi_init: tcp rx win: 5760[0m
[0;32mI (567) wifi_init: tcp mss: 1440[0m
[0;32mI (567) wifi_init: WiFi IRAM OP enabled[0m
[0;32mI (567) wifi_init: WiFi RX IRAM OP enabled[0m
[0;32mI (577) wifi: scanning...[0m

ESP_ERROR_CHECK failed: esp_err_t 0x3002 (ESP_ERR_WIFI_NOT_STARTED) at 0x400d9d68
file: "./main/wifi.c" line 24
func: scanner
expression: esp_wifi_scan_start(NULL, true)

abort() was called at PC 0x4008928f on core 0


Backtrace: 0x40089335:0x3ffbaa50 0x400892fd:0x3ffbaa70 0x40088f81:0x3ffbaa90 0x4008928f:0x3ffbab00 0x400d9d68:0x3ffbab30 0x400d9df7:0x3ffbac00 0x400d450a:0x3ffbac20 0x4014e9b2:0x3ffbac50




ELF file SHA256: 3121aba67

Rebooting...
ets Jun  8 2016 00:22:57

rst:0xc (SW_CPU_RESET),boot:0x13 (SPI_FAST_FLASH_BOOT)
configsip: 0, SPIWP:0xee
clk_drv:0x00,q_drv:0x00,d_drv:0x00,cs0_drv:0x00,hd_drv:0x00,wp_drv:0x00
mode:DIO, clock div:2
load:0x3fff0040,len:6272
load:0x40078000,len:15848
load:0x40080400,len:3920
entry 0x40080644
[0;32mI (27) boot: ESP-IDF v6.0 2nd stage bootloader[0m
[0;32mI (27) boot: compile time Mar 27 2026 14:17:24[0m
[0;32mI (27) boot: Multicore bootloader[0m
[0;32mI (28) boot: chip revision: v1.0[0m
[0;32mI (31) boot.esp32: SPI Speed      : 40MHz[0m
[0;32mI (35) boot.esp32: SPI Mode       : DIO[0m
[0;32mI (38) boot.esp32: SPI Flash Size : 2MB[0m
[0;32mI (42) boot: Enabling RNG early entropy source...[0m
[0;32mI (47) boot: Partition Table:[0m
[0;32mI (49) boot: ## Label            Usage          Type ST Offset   Length[0m
[0;32mI (55) boot:  0 nvs              WiFi data        01 02 00009000 00006000[0m
[0;32mI (62) boot:  1 phy_init         RF data          01 01 0000f000 00001000[0m
[0;32mI (68) boot:  2 factory          factory app      00 00 00010000 00100000[0m
[0;32mI (75) boot: End of partition table[0m
[0;32mI (78) esp_image: segment 0: paddr=00010020 vaddr=3f400020 size=19454h (103508) map[0m
[0;32mI (123) esp_image: segment 1: paddr=0002947c vaddr=3ffb0000 size=044f0h ( 17648) load[0m
[0;32mI (130) esp_image: segment 2: paddr=0002d974 vaddr=40080000 size=026a4h (  9892) load[0m
[0;32mI (134) esp_image: segment 3: paddr=00030020 vaddr=400d0020 size=828fch (534780) map[0m
[0;32mI (325) esp_image: segment 4: paddr=000b2924 vaddr=400826a4 size=12b58h ( 76632) load[0m
[0;32mI (356) esp_image: segment 5: paddr=000c5484 vaddr=50000000 size=00028h (    40) load[0m
[0;32mI (367) boot: Loaded app from partition at offset 0x10000[0m
[0;32mI (367) boot: Disabling RNG early entropy source...[0m
[0;32mI (378) cpu_start: Multicore app[0m
[0;32mI (386) cpu_start: GPIO 3 and 1 are used as console UART I/O pins[0m
[0;32mI (386) cpu_start: Pro cpu start user code[0m
[0;32mI (386) cpu_start: cpu freq: 160000000 Hz[0m
[0;32mI (388) app_init: Application information:[0m
[0;32mI (392) app_init: Project name:     wifi[0m
[0;32mI (396) app_init: App version:      1[0m
[0;32mI (399) app_init: Compile time:     Mar 27 2026 14:17:17[0m
[0;32mI (404) app_init: ELF file SHA256:  3121aba67...[0m
[0;32mI (408) app_init: ESP-IDF:          v6.0[0m
[0;32mI (412) efuse_init: Min chip rev:     v0.0[0m
